Return-Path: <qemu-devel-bounces+lists+qemu-devel=lfdr.de@nongnu.org>
X-Original-To: lists+qemu-devel@lfdr.de
Delivered-To: lists+qemu-devel@lfdr.de
Received: from lists.gnu.org (lists.gnu.org [209.51.188.17])
	by mail.lfdr.de (Postfix) with ESMTPS id 4C45C97C63
	for <lists+qemu-devel@lfdr.de>; Wed, 21 Aug 2019 16:19:46 +0200 (CEST)
Received: from localhost ([::1]:48906 helo=lists1p.gnu.org)
	by lists.gnu.org with esmtp (Exim 4.90_1)
	(envelope-from <qemu-devel-bounces+lists+qemu-devel=lfdr.de@nongnu.org>)
	id 1i0RSj-00086A-55
	for lists+qemu-devel@lfdr.de; Wed, 21 Aug 2019 10:19:45 -0400
Received: from eggs.gnu.org ([2001:470:142:3::10]:32921)
 by lists.gnu.org with esmtp (Exim 4.90_1)
 (envelope-from <ldoktor@redhat.com>) id 1i0ROS-00068v-8D
 for qemu-devel@nongnu.org; Wed, 21 Aug 2019 10:15:30 -0400
Received: from Debian-exim by eggs.gnu.org with spam-scanned (Exim 4.71)
 (envelope-from <ldoktor@redhat.com>) id 1i0ROH-0002D5-Io
 for qemu-devel@nongnu.org; Wed, 21 Aug 2019 10:15:20 -0400
Received: from mx1.redhat.com ([209.132.183.28]:52980)
 by eggs.gnu.org with esmtps (TLS1.0:DHE_RSA_AES_256_CBC_SHA1:32)
 (Exim 4.71) (envelope-from <ldoktor@redhat.com>)
 id 1i0RNu-00021K-SP; Wed, 21 Aug 2019 10:14:48 -0400
Received: from smtp.corp.redhat.com (int-mx03.intmail.prod.int.phx2.redhat.com
 [10.5.11.13])
 (using TLSv1.2 with cipher AECDH-AES256-SHA (256/256 bits))
 (No client certificate requested)
 by mx1.redhat.com (Postfix) with ESMTPS id DDE452A09D4;
 Wed, 21 Aug 2019 14:14:44 +0000 (UTC)
Received: from localhost.localdomain (ovpn-204-35.brq.redhat.com
 [10.40.204.35])
 by smtp.corp.redhat.com (Postfix) with ESMTP id CF12960925;
 Wed, 21 Aug 2019 14:14:40 +0000 (UTC)
To: QEMU Developers <qemu-devel@nongnu.org>, qemu-block@nongnu.org,
 Anton Nefedov <anton.nefedov@virtuozzo.com>, Max Reitz <mreitz@redhat.com>,
 Andrew Jones <drjones@redhat.com>
From: =?UTF-8?B?THVrw6HFoSBEb2t0b3I=?= <ldoktor@redhat.com>
Openpgp: preference=signencrypt
Autocrypt: addr=ldoktor@redhat.com; prefer-encrypt=mutual; keydata=
 mQENBFcV6vsBCADa8NUYov+a+AmCEEUB3stiiMM0NQc1WwlcxGoMxKHcqqIj/kdPhUDvFS32
 V94V7en1Lx+cpXKRMZP3n+3WG+VZWLwaktJgqrECZ161zE7xF5d1H3CLmwStbe6Cw1oR4LYQ
 HBpuqFEA5znoLuTTsP1uXs9h1cYNzX7hmOTvPCLJfDJ1iv954FsgCGtoVvl4CoxaR3u2VNOs
 hXsTTVyJM6gDTsyqn0uvLOHGWGIGVhDkLV4hv6pSdiKrtQKWIUji3Z8x41MbZybmJxHkpOVz
 Jl3jnNE3CbiEq77Is9LMI4yTF2CESs3V4XMBLfZPLrQBC0gzjeRxwCnbdOZRwY5KI457ABEB
 AAG0K0x1a2FzIERva3RvciAoUmVkIEhhdCkgPGxkb2t0b3JAcmVkaGF0LmNvbT6JAVUEEwEC
 AD8CGwMGCwkIBwMCBhUIAgkKCwQWAgMBAh4BAheAFiEEpApMRcQDTeAqWtSDJrNi5H/PIsEF
 AlqVjq0FCQdCCrIACgkQJrNi5H/PIsFF1Qf+K23kB5iOvsbe/swQda9nJZSgKkbXLCF3KCdw
 jCY3qdneHzro696qosRhWn+tpLQ6Mp8sgnXuJk96qaptXtx0R1Ci2oHFo01WfcSLZ1f99/0q
 dWGWJhTt2TPNP6A5rrw//FZlQOYNTYG9vn7euLE0el32ZQp/0HCO7XpLiujEX48fWdlaPmDO
 nalJEpzzJJNu8WnHIG2eLS8lGrNdnPbkxHyeERxPuWDAmHmWyZSaDMtMd40XVKfLfkyY83jz
 +uq8uMxPMzq116YvFygsXqJPgWGYX39BdasEssr/GABHqgKY54dtTdMnFZZFVowkoCSh2Al/
 X/OSk5wpyYZrEYeKNLkBDQRXFer7AQgAw8JIK9pZUfZWNZirBIwOevkdZu1aLhgH84EfXw40
 ynMEFa1t/c0baOiuLNcVbdnHLGvUAQJ2oN/+rdGpEWITVSjDxFYf3JOnySZJhLnQgGMG4j3m
 dFZMubPG1GJEuubPAAB0huRfjQTvOvpIK03J2H5cMoug862OHOnT+mfonGruTkSO0PBq3wtf
 P+Z3gLCuEDkmEZSh4IKxs0CoLU4KxWRQHpoTOxcAiHzj8cm5qbu3Cb1KrXz8dEmYhCq2fpFf
 /h+GfEO8gU/ICJD8WQUHYcVK0bbiZskCcSOGtStjwq0QqitZMbcsPEset/2L3z44MLPuVApv
 c9wORs/3iT9BhwARAQABiQE8BBgBAgAmAhsMFiEEpApMRcQDTeAqWtSDJrNi5H/PIsEFAlqV
 j3sFCQdCC4AACgkQJrNi5H/PIsG+JAf/emslPCAW4gmn3Ep1ON0V0xPGxFOUbH2m+f079pVP
 Jo3dGT6ZFF8q00GEsqxjpxO/c0opsTFrAN3qyTS3Kr4435ua66J5eP+TBkjN+vljmRi3T9Xg
 h/dHp0JkZQCtcnmNsm/9F0/GzMvc7CnsptDp4aT0KGMfpvv7XrQOkprSr2wgWeAdNVhCP2ZQ
 y+yAzLmHe5OGPW1qPmIBBvEnU2C8av0ONGKIxIAUCF8UCm+YJzPwIwJLhkzrhANiqNwQXwfn
 j8HaEsOCIX26S4GYYmIaY1+GBeHkeh0R/GzERRPh6jfhg2JiCE6ftgZ+DKRjsK3o1uw40aYe
 s/q9jwLlkaqraQ==
Message-ID: <db672a84-0f30-bb82-ef94-c543e444372e@redhat.com>
Date: Wed, 21 Aug 2019 16:14:39 +0200
User-Agent: Mozilla/5.0 (X11; Linux x86_64; rv:60.0) Gecko/20100101
 Thunderbird/60.8.0
MIME-Version: 1.0
Content-Type: multipart/signed; micalg=pgp-sha256;
 protocol="application/pgp-signature";
 boundary="IJ2W3dmtyzEfBaGNxTZlSEq492BFIAr2j"
X-Scanned-By: MIMEDefang 2.79 on 10.5.11.13
X-Greylist: Sender IP whitelisted, not delayed by milter-greylist-4.5.16
 (mx1.redhat.com [10.5.110.38]); Wed, 21 Aug 2019 14:14:46 +0000 (UTC)
X-detected-operating-system: by eggs.gnu.org: GNU/Linux 2.2.x-3.x [generic]
X-Received-From: 209.132.183.28
Subject: [Qemu-devel] Broken aarch64 by qcow2: skip writing zero buffers to
 empty COW areas [v2]
X-BeenThere: qemu-devel@nongnu.org
X-Mailman-Version: 2.1.23
Precedence: list
List-Id: <qemu-devel.nongnu.org>
List-Unsubscribe: <https://lists.nongnu.org/mailman/options/qemu-devel>,
 <mailto:qemu-devel-request@nongnu.org?subject=unsubscribe>
List-Archive: <https://lists.nongnu.org/archive/html/qemu-devel>
List-Post: <mailto:qemu-devel@nongnu.org>
List-Help: <mailto:qemu-devel-request@nongnu.org?subject=help>
List-Subscribe: <https://lists.nongnu.org/mailman/listinfo/qemu-devel>,
 <mailto:qemu-devel-request@nongnu.org?subject=subscribe>
Errors-To: qemu-devel-bounces+lists+qemu-devel=lfdr.de@nongnu.org
Sender: "Qemu-devel" <qemu-devel-bounces+lists+qemu-devel=lfdr.de@nongnu.org>

This is an OpenPGP/MIME signed message (RFC 4880 and 3156)
--IJ2W3dmtyzEfBaGNxTZlSEq492BFIAr2j
Content-Type: multipart/mixed; boundary="EYEE16o1OBUdy1wDEU3gIqP3xUcys3GRw";
 protected-headers="v1"
From: =?UTF-8?B?THVrw6HFoSBEb2t0b3I=?= <ldoktor@redhat.com>
To: QEMU Developers <qemu-devel@nongnu.org>, qemu-block@nongnu.org,
 Anton Nefedov <anton.nefedov@virtuozzo.com>, Max Reitz <mreitz@redhat.com>,
 Andrew Jones <drjones@redhat.com>
Message-ID: <db672a84-0f30-bb82-ef94-c543e444372e@redhat.com>
Subject: Broken aarch64 by qcow2: skip writing zero buffers to empty COW areas
 [v2]

--EYEE16o1OBUdy1wDEU3gIqP3xUcys3GRw
Content-Type: multipart/mixed;
 boundary="------------6FF53884564E090C45E246C8"
Content-Language: en-US

This is a multi-part message in MIME format.
--------------6FF53884564E090C45E246C8
Content-Type: text/plain; charset=utf-8
Content-Transfer-Encoding: quoted-printable

Hello guys,

First attempt was rejected due to zip attachment, let's try it again with=
 just Avocado-vt debug.log and serial console log files attached.

I bisected a regression on aarch64 all the way to this commit: "qcow2: sk=
ip writing zero buffers to empty COW areas" c8bb23cbdbe32f5c326365e0a82e1=
b0e68cdcd8a. Would you please have a look at it?

My reproducer is running kickstart installation of RHEL-8 from DVD on aar=
ch64 gicv3 machine, which never finishes since this commit, where anacond=
a complains about package installation, occasionally there are also XFS m=
etadata corruption messages on serial console:


2019-08-18 19:36:11: =1B[22;1HInstalling check.aarch64 (359/1180)=1B[1;24=
r=1B[23;1H[  439.335155] XFS (dm-3): Metadata corruption detected at xfs_=
inode_buf_verify+0x174/0x190 [xfs], xfs_inode block 0xb1d960 xfs_inode_bu=
f_verify
2019-08-18 19:36:11: [  439.345295] XFS (dm-3): Unmount and run xfs_repai=
r
2019-08-18 19:36:11: [  439.349167] XFS (dm-3): First 128 bytes of corrup=
ted metadata buffer:
2019-08-18 19:36:11: =1B[1;23r=1B[23;80H
2019-08-18 19:36:11: =1B[22;1HInstalling libidn.aarch64 (360/1180)=1B[1;2=
4r=1B[23;1H[  439.354063] 00000000: 00 00 00 00 00 00 00 00 00 00 00 00 0=
0 00 00 00  ................
2019-08-18 19:36:11: [  439.365513] 00000010: 00 00 00 00 00 00 00 00 00 =
00 00 00 00 00 00 00  ................
2019-08-18 19:36:11: [  439.371929] 00000020: 00 00 00 00 00 00 00 00 00 =
00 00 00 00 00 00 00  ................
2019-08-18 19:36:11: [  439.378175] 00000030: 00 00 00 00 00 00 00 00 00 =
00 00 00 00 00 00 00  ................
2019-08-18 19:36:11: [  439.384242] 00000040: 00 00 00 00 00 00 00 00 00 =
00 00 00 00 00 00 00  ................
2019-08-18 19:36:11: [  439.390603] 00000050: 00 00 00 00 00 00 00 00 00 =
00 00 00 00 00 00 00  ................
2019-08-18 19:36:11: [  439.396784] 00000060: 00 00 00 00 00 00 00 00 00 =
00 00 00 00 00 00 00  ................
2019-08-18 19:36:11: [  439.402838] 00000070: 00 00 00 00 00 00 00 00 00 =
00 00 00 00 00 00 00  ................
2019-08-18 19:36:11: [  439.409314] XFS (dm-3): metadata I/O error in "xf=
s_trans_read_buf_map" at daddr 0xb1d960 len 32 error 117
2019-08-18 19:36:11: [  439.416866] XFS (dm-3): xfs_imap_to_bp: xfs_trans=
_read_buf() returned error -117.
2019-08-18 19:36:12: [  440.341560] systemd-journald[1550]: Journal effec=
tive settings seal=3Dyes compress=3Dyes compress_threshold_bytes=3D512B
2019-08-18 19:36:12: =3D=3D=3D=3D=3D=3D=3D=3D=3D=3D=3D=3D=3D=3D=3D=3D=3D=3D=
=3D=3D=3D=3D=3D=3D=3D=3D=3D=3D=3D=3D=3D=3D=3D=3D=3D=3D=3D=3D=3D=3D=3D=3D=3D=
=3D=3D=3D=3D=3D=3D=3D=3D=3D=3D=3D=3D=3D=3D=3D=3D=3D=3D=3D=3D=3D=3D=3D=3D=3D=
=3D=3D=3D=3D=3D=3D=3D=3D=3D=3D=3D=3D=1B[23;80H=1B[1;23r=1B[23;80H
2019-08-18 19:36:12:=20
2019-08-18 19:36:12: =1B[22;1H=3D=3D=3D=3D=3D=3D=3D=3D=3D=3D=3D=3D=3D=3D=3D=
=3D=3D=3D=3D=3D=3D=3D=3D=3D=3D=3D=3D=3D=3D=3D=3D=3D=3D=3D=3D=3D=3D=3D=3D=3D=
=3D=3D=3D=3D=3D=3D=3D=3D=3D=3D=3D=3D=3D=3D=3D=3D=3D=3D=3D=3D=3D=3D=3D=3D=3D=
=3D=3D=3D=3D=3D=3D=3D=3D=3D=3D=3D=3D=3D=3D=3D=1B[23;1HError=1B[1;24r=1B[2=
3;6H[  440.371152] systemd-journald[1550]: Journal effective settings sea=
l=3Dyes compress=3Dyes compress_threshold_bytes=3D512B
2019-08-18 19:36:12: [  440.381579] systemd-journald[1550]: Journal effec=
tive settings seal=3Dyes compress=3Dyes compress_threshold_bytes=3D512B
2019-08-18 19:36:12: =1B[1;23r=1B[23;80H
2019-08-18 19:36:12:=20
2019-08-18 19:36:12:=20
2019-08-18 19:36:12:=20
2019-08-18 19:36:12:=20
2019-08-18 19:36:12:=20
2019-08-18 19:36:12:=20
2019-08-18 19:36:12: =1B[18;1H   The following error occurred while insta=
lling.  This is a fatal error and
2019-08-18 19:36:12:    installation will be aborted.
2019-08-18 19:36:12:=20
2019-08-18 19:36:12:    DNF error: Error unpacking rpm package libidn-1.3=
4-5.el8.aarch64=1B[23;1HPress ENTER to exit: =1B[1;24r=1B[23;22H[  440.40=
1675] systemd-journald[1550]: Journal effective settings seal=3Dyes compr=
ess=3Dyes compress_threshold_bytes=3D512B

It reproduces 100%, usually at different stage (different RPM package). W=
ith Avocado-vt you can reproduce it by putting RHEL-8 DVD image to RHEL.7=
=2Edevel iso location and executing something like this:

avocado --show all run --vt-guest-os RHEL.7.devel --vt-extra-params store=
_vm_register=3Dno take_regular_screendumps=3Dno monitor_type=3Dhuman --vt=
-qemu-bin /home/jenkins/aarch64/qemu-master-build/bin/qemu-system-aarch64=
 -- unattended_install.cdrom.extra_cdrom_ks.default_install.aio_threads

Note: I'm still using RHEL.7.devel profile although the provided DVD is R=
HEL8, it doesn't really matter
Note: The "--vt-extra-params" are workarounds of current issue where freq=
uent use of QMP monitor results in bad things on aarch64

But it should reproduce even without Avocado-vt. The used qemu cmd was:

MALLOC_PERTURB_=3D1  /home/jenkins/aarch64/qemu-master-build/bin/qemu-sys=
tem-aarch64 \
    -S  \
    -name 'avocado-vt-vm1'  \
    -sandbox off  \
    -drive file=3D/usr/share/AAVMF/AAVMF_CODE.fd,if=3Dpflash,format=3Draw=
,unit=3D0,readonly=3Don \
    -drive file=3D/var/lib/libvirt/images/avocado/avocado-vt/images/rhel7=
devel-aarch64_AAVMF_VARS.fd,if=3Dpflash,format=3Draw,unit=3D1 \
    -machine virt,gic-version=3Dhost  \
    -nodefaults \
    -device virtio-gpu-pci,bus=3Dpcie.0,addr=3D0x1  \
    -chardev socket,id=3Dhmp_id_qmpmonitor1,path=3D/var/tmp/avocado_kurms=
dn9/monitor-qmpmonitor1-20190821-065917-I0T8uXz4,server,nowait \
    -mon chardev=3Dhmp_id_qmpmonitor1,mode=3Dreadline  \
    -chardev socket,id=3Dhmp_id_catch_monitor,path=3D/var/tmp/avocado_kur=
msdn9/monitor-catch_monitor-20190821-065917-I0T8uXz4,server,nowait \
    -mon chardev=3Dhmp_id_catch_monitor,mode=3Dreadline  \
    -serial unix:'/var/tmp/avocado_kurmsdn9/serial-serial0-20190821-06591=
7-I0T8uXz4',server,nowait \
    -device pcie-root-port,id=3Dpcie.0-root-port-2,slot=3D2,chassis=3D2,a=
ddr=3D0x2,bus=3Dpcie.0 \
    -device qemu-xhci,id=3Dusb1,bus=3Dpcie.0-root-port-2,addr=3D0x0 \
    -device pcie-root-port,id=3Dpcie.0-root-port-3,slot=3D3,chassis=3D3,a=
ddr=3D0x3,bus=3Dpcie.0 \
    -device virtio-scsi-pci,id=3Dvirtio_scsi_pci0,bus=3Dpcie.0-root-port-=
3,addr=3D0x0 \
    -drive id=3Ddrive_image1,if=3Dnone,format=3Dqcow2,file=3D/var/lib/lib=
virt/images/avocado/avocado-vt/images/rhel7devel-aarch64.qcow2 \
    -device scsi-hd,id=3Dimage1,drive=3Ddrive_image1 \
    -device pcie-root-port,id=3Dpcie.0-root-port-4,slot=3D4,chassis=3D4,a=
ddr=3D0x4,bus=3Dpcie.0 \
    -device virtio-net-pci,mac=3D9a:96:87:89:70:c0,rombar=3D0,id=3DidfUqV=
rx,netdev=3DidNvVkD7,bus=3Dpcie.0-root-port-4,addr=3D0x0  \
    -netdev tap,id=3DidNvVkD7,fd=3D20 \
    -m 4096  \
    -smp 2,maxcpus=3D2,cores=3D1,threads=3D1,sockets=3D2  \
    -cpu 'host' \
    -drive id=3Ddrive_cd1,if=3Dnone,media=3Dcdrom,file=3D/home/isos/RHEL-=
8.1.0-20190820.n.0-aarch64-dvd1.iso \
    -device scsi-cd,id=3Dcd1,drive=3Ddrive_cd1 \
    -drive id=3Ddrive_unattended,if=3Dnone,media=3Dcdrom,file=3D/var/lib/=
libvirt/images/avocado/avocado-vt/images/rhel7-64/ks.iso \
    -device scsi-cd,id=3Dunattended,drive=3Ddrive_unattended \
    -device usb-tablet,id=3Dusb-tablet1,bus=3Dusb1.0,port=3D1  \
    -kernel '/var/lib/libvirt/images/avocado/avocado-vt/images/rhel7-aarc=
h64/vmlinuz'  \
    -append 'ks=3Dcdrom inst.sshd nicdelay=3D60  earlyprintk=3Dpl011,0x90=
00000 console=3DttyAMA0 debug ignore_loglevel rootwait'  \
    -initrd '/var/lib/libvirt/images/avocado/avocado-vt/images/rhel7-aarc=
h64/initrd.img'  \
    -vnc :0  \
    -rtc base=3Dutc,clock=3Dhost \
    -enable-kvm \
    -device pcie-root-port,id=3Dpcie_extra_root_port_0,slot=3D5,chassis=3D=
5,addr=3D0x5,bus=3Dpcie.0 \
    -device pcie-root-port,id=3Dpcie_extra_root_port_1,slot=3D6,chassis=3D=
6,addr=3D0x6,bus=3Dpcie.0

But you should find all the required information in the attached file. It=
's worth mentioning that I haven't seen this issue on other architectures=
 (s390x, ppc64, ppc64le) and reproducibility is 100%.

Regards,
Luk=C3=A1=C5=A1

PS: During bisecting the metadata corruption was usually not there, so at=
taching excerpt of serial console obtained with the commit c8bb23cbdbe32f=
5c326365e0a82e1b0e68cdcd8a:

2019-08-21 07:04:57: ^[[22;1HInstalling kernel-devel.aarch64 (311/1190)^[=
[1;24r^[[23;1H
2019-08-21 07:05:23: [  346.780872] systemd-journald[1558]: Journal effec=
tive settings seal=3Dyes compress=3Dyes compress_threshold_bytes=3D512B
2019-08-21 07:05:23: [  346.788877] systemd-journald[1558]: Journal effec=
tive settings seal=3Dyes compress=3Dyes compress_threshold_bytes=3D512B
2019-08-21 07:05:23: [  346.796951] systemd-journald[1558]: Journal effec=
tive settings seal=3Dyes compress=3Dyes compress_threshold_bytes=3D512B
2019-08-21 07:05:23: [  346.805247] systemd-journald[1558]: Journal effec=
tive settings seal=3Dyes compress=3Dyes compress_threshold_bytes=3D512B
2019-08-21 07:05:49: [  372.250148] systemd-journald[1558]: Journal effec=
tive settings seal=3Dyes compress=3Dyes compress_threshold_bytes=3D512B
2019-08-21 07:05:49: [  372.258148] systemd-journald[1558]: Journal effec=
tive settings seal=3Dyes compress=3Dyes compress_threshold_bytes=3D512B
2019-08-21 07:05:49: [  372.270263] systemd-journald[1558]: Journal effec=
tive settings seal=3Dyes compress=3Dyes compress_threshold_bytes=3D512B
2019-08-21 07:05:49: [  372.287159] systemd-journald[1558]: Journal effec=
tive settings seal=3Dyes compress=3Dyes compress_threshold_bytes=3D512B
2019-08-21 07:05:49: [  372.295778] systemd-journald[1558]: Journal effec=
tive settings seal=3Dyes compress=3Dyes compress_threshold_bytes=3D512B
2019-08-21 07:05:49: [  372.304047] systemd-journald[1558]: Journal effec=
tive settings seal=3Dyes compress=3Dyes compress_threshold_bytes=3D512B
2019-08-21 07:05:49: =3D=3D=3D=3D=3D=3D=3D=3D=3D=3D=3D=3D=3D=3D=3D=3D=3D=3D=
=3D=3D=3D=3D=3D=3D=3D=3D=3D=3D=3D=3D=3D=3D=3D=3D=3D=3D=3D=3D=3D=3D=3D=3D=3D=
=3D=3D=3D=3D=3D=3D=3D=3D=3D=3D=3D=3D=3D=3D=3D=3D=3D=3D=3D=3D=3D=3D=3D=3D=3D=
=3D=3D=3D=3D=3D=3D=3D=3D=3D=3D=3D=3D^[[23;80H[  372.318162] systemd-journ=
ald[1558]: Journal effective settings seal=3Dyes compress=3Dyes compress_=
threshold_bytes=3D512B
2019-08-21 07:05:49: [  372.332918] systemd-journald[1558]: Journal effec=
tive settings seal=3Dyes compress=3Dyes compress_threshold_bytes=3D512B
2019-08-21 07:05:49: ^[[1;23r^[[23;80H
2019-08-21 07:05:49:
2019-08-21 07:05:49:
2019-08-21 07:05:49:
2019-08-21 07:05:49:
2019-08-21 07:05:49:
2019-08-21 07:05:49:
2019-08-21 07:05:49:
2019-08-21 07:05:49:
2019-08-21 07:05:49: ^[[15;1H=3D=3D=3D=3D=3D=3D=3D=3D=3D=3D=3D=3D=3D=3D=3D=
=3D=3D=3D=3D=3D=3D=3D=3D=3D=3D=3D=3D=3D=3D=3D=3D=3D=3D=3D=3D=3D=3D=3D=3D=3D=
=3D=3D=3D=3D=3D=3D=3D=3D=3D=3D=3D=3D=3D=3D=3D=3D=3D=3D=3D=3D=3D=3D=3D=3D=3D=
=3D=3D=3D=3D=3D=3D=3D=3D=3D=3D=3D=3D=3D=3D=3D^[[16;1HError^[[18;1H   The =
following error occurred while installing.  This is a fatal error and
2019-08-21 07:05:49:    installation will be aborted.
2019-08-21 07:05:49:
2019-08-21 07:05:49:    DNF error: Error in POSTIN scriptlet in rpm packa=
ge kernel-devel^[[1;24r^[[23;1H[  372.341178] systemd-journald[1558]: Jou=
rnal effective settings seal=3Dyes compress=3Dyes compress_threshold_byte=
s=3D512B
2019-08-21 07:05:49: [  372.371747] systemd-journald[1558]: Journal effec=
tive settings seal=3Dyes compress=3Dyes compress_threshold_bytes=3D512B
2019-08-21 07:05:49: Press ENTER to exit:
2019-08-21 07:05:53: [  377.143065] systemd-coredump[2890]: Failed to get=
 COMM, falling back to the command line: No such process
2019-08-21 07:05:53: [  377.150559] systemd-coredump[2890]: Failed to get=
 EXE, ignoring: No such process
2019-08-21 07:05:53: [  377.200294] systemd-coredump[2892]: Failed to get=
 COMM, falling back to the command line: No such process
2019-08-21 07:05:53: [  377.207611] systemd-coredump[2892]: Failed to get=
 EXE, ignoring: No such process
2019-08-21 07:05:54: [  377.259821] systemd-journald[1558]: Journal effec=
tive settings seal=3Dyes compress=3Dyes compress_threshold_bytes=3D512B
2019-08-21 07:05:54: [  377.267769] systemd-journald[1558]: Journal effec=
tive settings seal=3Dyes compress=3Dyes compress_threshold_bytes=3D512B
2019-08-21 07:05:54: [  377.278325] systemd-journald[1558]: Journal effec=
tive settings seal=3Dyes compress=3Dyes compress_threshold_bytes=3D512B
2019-08-21 07:05:54: [  377.286222] systemd-journald[1558]: Journal effec=
tive settings seal=3Dyes compress=3Dyes compress_threshold_bytes=3D512B
2019-08-21 07:05:54: [  377.297440] systemd-journald[1558]: Journal effec=
tive settings seal=3Dyes compress=3Dyes compress_threshold_bytes=3D512B
2019-08-21 07:05:54: [  377.307166] systemd-journald[1558]: Journal effec=
tive settings seal=3Dyes compress=3Dyes compress_threshold_bytes=3D512B
2019-08-21 07:05:54: [  377.318449] systemd-journald[1558]: Journal effec=
tive settings seal=3Dyes compress=3Dyes compress_threshold_bytes=3D512B
2019-08-21 07:05:54: [  377.326360] systemd-journald[1558]: Journal effec=
tive settings seal=3Dyes compress=3Dyes compress_threshold_bytes=3D512B
2019-08-21 07:05:54: [  377.337852] systemd-journald[1558]: Journal effec=
tive settings seal=3Dyes compress=3Dyes compress_threshold_bytes=3D512B
2019-08-21 07:05:54: [  377.346173] systemd-journald[1558]: Journal effec=
tive settings seal=3Dyes compress=3Dyes compress_threshold_bytes=3D512B
2019-08-21 07:05:56: [  379.428425] systemd-coredump[2909]: Failed to get=
 COMM, falling back to the command line: No such process
2019-08-21 07:05:56: [  379.435753] systemd-coredump[2909]: Failed to get=
 EXE, ignoring: No such process
2019-08-21 07:05:57: [  380.880584] systemd-coredump[2919]: Failed to get=
 COMM, falling back to the command line: No such process
2019-08-21 07:05:57: [  380.887926] systemd-coredump[2919]: Failed to get=
 EXE, ignoring: No such process
2019-08-21 07:05:58: [  381.526076] systemd-coredump[2922]: Failed to get=
 COMM, falling back to the command line: No such process
2019-08-21 07:05:58: [  381.533709] systemd-coredump[2922]: Failed to get=
 EXE, ignoring: No such process

--------------6FF53884564E090C45E246C8
Content-Type: text/x-log;
 name="debug.log"
Content-Transfer-Encoding: quoted-printable
Content-Disposition: attachment;
 filename="debug.log"

19:28:25 INFO | Avocado-VT 'unknown'
19:28:25 DEBUG| Test parameters:
19:28:25 DEBUG|     _name_map_file =3D {'machines.cfg': 'arm64-pci', 'sub=
tests.cfg': '(subtest=3Dio-github-autotest-qemu).(subtest=3Dunattended_in=
stall).cdrom.extra_cdrom_ks.default_install.aio_threads', 'host-os.cfg': =
'Host.RHEL.m8.u1.Host_arch_aarch64', 'guest-os.cfg': 'Guest.Linux.RHEL.7.=
devel.aarch64', 'guest-hw.cfg': 'bridge.default_bios.no_virtio_rng.(image=
_backend=3Dfilesystem).no_9p_export.smallpages.no_pci_assignable.qcow2.vi=
rtio_scsi.smp2.virtio_net', 'tests.cfg': 'qemu_kvm_jeos_quick'}
19:28:25 DEBUG|     _short_name_map_file =3D {'machines.cfg': 'arm64-pci'=
, 'subtests.cfg': 'io-github-autotest-qemu.unattended_install.cdrom.extra=
_cdrom_ks.default_install.aio_threads', 'host-os.cfg': 'Host.RHEL.m8.u1.H=
ost_arch_aarch64', 'guest-os.cfg': 'Guest.Linux.RHEL.7.devel.aarch64', 'g=
uest-hw.cfg': 'bridge.default_bios.no_virtio_rng.filesystem.no_9p_export.=
smallpages.no_pci_assignable.qcow2.virtio_scsi.smp2.virtio_net', 'tests.c=
fg': 'qemu_kvm_jeos_quick'}
19:28:25 DEBUG|     auto_cpu_model =3D no
19:28:25 DEBUG|     automem =3D no
19:28:25 DEBUG|     backup_dir =3D images/
19:28:25 DEBUG|     backup_image =3D no
19:28:25 DEBUG|     backup_image_after_testing_passed =3D yes
19:28:25 DEBUG|     backup_image_before_testing =3D yes
19:28:25 DEBUG|     backup_image_on_check_error =3D no
19:28:25 DEBUG|     boot_menu =3D off
19:28:25 DEBUG|     boot_once =3D d
19:28:25 DEBUG|     boot_order =3D cdn
19:28:25 DEBUG|     boot_path =3D images/pxeboot
19:28:25 DEBUG|     catch_monitor =3D catch_monitor
19:28:25 DEBUG|     cd_format =3D scsi-cd
19:28:25 DEBUG|     cdrom_cd1 =3D isos/linux/RHEL-7-devel-aarch64.iso
19:28:25 DEBUG|     cdrom_check_cdrom_pattern =3D /dev/cdrom-\w+|/dev/cdr=
om\d*
19:28:25 DEBUG|     cdrom_get_cdrom_cmd =3D ls /dev/cdrom*
19:28:25 DEBUG|     cdrom_info_cmd =3D cat /proc/sys/dev/cdrom/info
19:28:25 DEBUG|     cdrom_test_cmd =3D dd if=3D%s of=3D/dev/null bs=3D1 c=
ount=3D1
19:28:25 DEBUG|     cdrom_unattended =3D images/rhel7-64/ks.iso
19:28:25 DEBUG|     cdroms =3D cd1 unattended
19:28:25 DEBUG|     check_image =3D yes
19:28:25 DEBUG|     cmds_installed_host =3D=20
19:28:25 DEBUG|     connect_uri =3D default
19:28:25 DEBUG|     convert_ppm_files_to_png =3D no
19:28:25 DEBUG|     cpu_chk_all_cmd =3D lscpu | grep "^CPU(s)" | grep -o =
"[0-9]*"
19:28:25 DEBUG|     cpu_chk_cmd =3D grep -c "^processor\b" /proc/cpuinfo
19:28:25 DEBUG|     cpu_model =3D host
19:28:25 DEBUG|     cpu_model_flags =3D=20
19:28:25 DEBUG|     create_vm_libvirt =3D no
19:28:25 DEBUG|     dep =3D []
19:28:25 DEBUG|     display =3D vnc
19:28:25 DEBUG|     download_url_stress =3D http://people.seas.harvard.ed=
u/~apw/stress/stress-1.0.4.tar.gz
19:28:25 DEBUG|     drive_format =3D scsi-hd
19:28:25 DEBUG|     drive_index_cd1 =3D 2
19:28:25 DEBUG|     drive_index_image1 =3D 0
19:28:25 DEBUG|     drive_index_unattended =3D 1
19:28:25 DEBUG|     drive_rerror_image1 =3D=20
19:28:25 DEBUG|     drive_werror_image1 =3D=20
19:28:25 DEBUG|     enable_guest_sosreport =3D no
19:28:25 DEBUG|     enable_host_sosreport =3D no
19:28:25 DEBUG|     enable_libvirtd_debug_log =3D yes
19:28:25 DEBUG|     enable_msix_vectors =3D yes
19:28:25 DEBUG|     enable_remote_host_sosreport =3D no
19:28:25 DEBUG|     encode_video_files =3D yes
19:28:25 DEBUG|     env_cleanup =3D no
19:28:25 DEBUG|     file_transfer_client =3D scp
19:28:25 DEBUG|     file_transfer_port =3D 22
19:28:25 DEBUG|     flexible_nic_index =3D no
19:28:25 DEBUG|     force_create_image =3D yes
19:28:25 DEBUG|     grub_file =3D /boot/grub/grub.conf
19:28:25 DEBUG|     guest_dmesg_dump_console =3D no
19:28:25 DEBUG|     guest_dmesg_ignore =3D False
19:28:25 DEBUG|     guest_dmesg_level =3D 3
19:28:25 DEBUG|     guest_port_remote_shell =3D 22
19:28:25 DEBUG|     guest_port_unattended_install =3D 12323
19:28:25 DEBUG|     id =3D io-github-autotest-qemu.unattended_install.cdr=
om.extra_cdrom_ks.default_install.aio_threads
19:28:25 DEBUG|     image_aio =3D threads
19:28:25 DEBUG|     image_backend =3D filesystem
19:28:25 DEBUG|     image_chain =3D=20
19:28:25 DEBUG|     image_clone_command =3D cp --reflink=3Dauto %s %s
19:28:25 DEBUG|     image_copy_on_error =3D no
19:28:25 DEBUG|     image_format =3D qcow2
19:28:25 DEBUG|     image_name =3D images/rhel7devel-aarch64
19:28:25 DEBUG|     image_raw_device =3D no
19:28:25 DEBUG|     image_remove_command =3D rm -rf %s
19:28:25 DEBUG|     image_size =3D 10G
19:28:25 DEBUG|     image_unbootable_pattern =3D Hard Disk.*not a bootabl=
e disk
19:28:25 DEBUG|     image_verify_bootable =3D no
19:28:25 DEBUG|     images =3D image1
19:28:25 DEBUG|     inactivity_treshold =3D 1800
19:28:25 DEBUG|     inactivity_watcher =3D error
19:28:25 DEBUG|     indirect_image_blacklist =3D /dev/hda[\d]* /dev/sda[\=
d]* /dev/sg0 /dev/md0
19:28:25 DEBUG|     initrd =3D images/rhel7-aarch64/initrd.img
19:28:25 DEBUG|     inputs =3D=20
19:28:25 DEBUG|     install_timeout =3D 7200
19:28:25 DEBUG|     install_trigger_time =3D 0
19:28:25 DEBUG|     install_virtio =3D no
19:28:25 DEBUG|     keep_ppm_files =3D no
19:28:25 DEBUG|     keep_ppm_files_on_error =3D no
19:28:25 DEBUG|     keep_screendumps =3D yes
19:28:25 DEBUG|     keep_screendumps_on_error =3D yes
19:28:25 DEBUG|     keep_video_files =3D yes
19:28:25 DEBUG|     keep_video_files_on_error =3D yes
19:28:25 DEBUG|     kernel =3D images/rhel7-aarch64/vmlinuz
19:28:25 DEBUG|     kernel_params =3D ks=3Dcdrom inst.sshd nicdelay=3D60 =
 earlyprintk=3Dpl011,0x9000000 console=3DttyAMA0 debug ignore_loglevel ro=
otwait
19:28:25 DEBUG|     kickstart_reboot_bug =3D no
19:28:25 DEBUG|     kill_timeout =3D 60
19:28:25 DEBUG|     kill_unresponsive_vms =3D yes
19:28:25 DEBUG|     kill_vm =3D yes
19:28:25 DEBUG|     kill_vm_before_test =3D no
19:28:25 DEBUG|     kill_vm_gracefully =3D yes
19:28:25 DEBUG|     kill_vm_libvirt =3D no
19:28:25 DEBUG|     kill_vm_on_error =3D yes
19:28:25 DEBUG|     libvirt_controller =3D virtio-scsi
19:28:25 DEBUG|     libvirtd_debug_file =3D=20
19:28:25 DEBUG|     libvirtd_debug_level =3D 2
19:28:25 DEBUG|     libvirtd_log_cleanup =3D yes
19:28:25 DEBUG|     local_ip =3D ENTER.YOUR.LOCAL.EXAMPLE.COM
19:28:25 DEBUG|     local_pwd =3D=20
19:28:25 DEBUG|     login_timeout =3D 360
19:28:25 DEBUG|     lowest_mem =3D 512
19:28:25 DEBUG|     machine_type =3D arm64-pci:virt
19:28:25 DEBUG|     machine_type_extra_params =3D gic-version=3Dhost
19:28:25 DEBUG|     main_vm =3D avocado-vt-vm1
19:28:25 DEBUG|     malloc_perturb =3D yes
19:28:25 DEBUG|     medium =3D cdrom
19:28:25 DEBUG|     mem =3D 4096
19:28:25 DEBUG|     mem_chk_cmd =3D dmidecode -t 17 | awk -F: '/Size/ {pr=
int $2}'
19:28:25 DEBUG|     mem_chk_cur_cmd =3D grep MemTotal /proc/meminfo
19:28:25 DEBUG|     mem_chk_re_str =3D [^\$]([0-9]+)
19:28:25 DEBUG|     memballoon_model =3D virtio
19:28:25 DEBUG|     migrate_dest_host =3D ENTER.YOUR.DEST.EXAMPLE.COM
19:28:25 DEBUG|     migrate_dest_pwd =3D PASSWORD.DEST.EXAMPLE
19:28:25 DEBUG|     migrate_load_vms =3D=20
19:28:25 DEBUG|     migrate_main_vm =3D avocado-vt-vm1
19:28:25 DEBUG|     migrate_port =3D 49152
19:28:25 DEBUG|     migrate_proto =3D tcp
19:28:25 DEBUG|     migrate_shared_storage =3D SHARED_IMAGE.EXAMPLE
19:28:25 DEBUG|     migrate_source_host =3D ENTER.YOUR.SOURCE.EXAMPLE.COM=

19:28:25 DEBUG|     migrate_source_pwd =3D PASSWORD.SOURCE.EXAMPLE
19:28:25 DEBUG|     migrate_vms =3D=20
19:28:25 DEBUG|     migration_setup =3D no
19:28:25 DEBUG|     monitor_type =3D human
19:28:25 DEBUG|     monitors =3D qmpmonitor1
19:28:25 DEBUG|     name =3D qemu_kvm_jeos_quick.bridge.default_bios.no_v=
irtio_rng.(image_backend=3Dfilesystem).no_9p_export.smallpages.no_pci_ass=
ignable.qcow2.virtio_scsi.smp2.virtio_net.Guest.Linux.RHEL.7.devel.aarch6=
4.Host.RHEL.m8.u1.Host_arch_aarch64.(subtest=3Dio-github-autotest-qemu).(=
subtest=3Dunattended_install).cdrom.extra_cdrom_ks.default_install.aio_th=
reads.arm64-pci
19:28:25 DEBUG|     netdev_peer_re =3D \s{2,}(.*?): .*?\\\s(.*?):
19:28:25 DEBUG|     netdst =3D virbr0
19:28:25 DEBUG|     nettype =3D bridge
19:28:25 DEBUG|     nic_model =3D virtio
19:28:25 DEBUG|     nics =3D nic1
19:28:25 DEBUG|     os_type =3D linux
19:28:25 DEBUG|     os_variant =3D rhel7
19:28:25 DEBUG|     other_tests_dirs =3D=20
19:28:25 DEBUG|     password =3D 123456
19:28:25 DEBUG|     paused_after_start_vm =3D no
19:28:25 DEBUG|     pci_assignable =3D no
19:28:25 DEBUG|     pcie_extra_root_port =3D 2
19:28:25 DEBUG|     ping_pong =3D 5
19:28:25 DEBUG|     profilers =3D kvm_stat
19:28:25 DEBUG|     provider =3D io-github-autotest-qemu
19:28:25 DEBUG|     qemu_binary =3D /home/jenkins/aarch64/qemu-master-bui=
ld/bin/qemu-system-aarch64
19:28:25 DEBUG|     qemu_dst_binary =3D /home/jenkins/aarch64/qemu-master=
-build/bin/qemu-system-aarch64
19:28:25 DEBUG|     qemu_img_binary =3D /home/jenkins/aarch64/qemu-master=
-build/bin/qemu-img
19:28:25 DEBUG|     qemu_io_binary =3D /home/jenkins/aarch64/qemu-master-=
build/bin/qemu-io
19:28:25 DEBUG|     qemu_sandbox =3D=20
19:28:25 DEBUG|     qemu_stop =3D on
19:28:25 DEBUG|     random_trigger =3D no
19:28:25 DEBUG|     reboot_command =3D shutdown -r now
19:28:25 DEBUG|     redirs =3D remote_shell unattended_install
19:28:25 DEBUG|     remote_ip =3D ENTER.YOUR.REMOTE.EXAMPLE.COM
19:28:25 DEBUG|     remote_pwd =3D=20
19:28:25 DEBUG|     remote_user =3D root
19:28:25 DEBUG|     remove_image_image1 =3D no
19:28:25 DEBUG|     restore_image =3D no
19:28:25 DEBUG|     restore_image_after_testing =3D yes
19:28:25 DEBUG|     restore_image_on_check_error =3D no
19:28:25 DEBUG|     rpmbuild_path =3D /root/rpmbuild/
19:28:25 DEBUG|     run_tcpdump =3D yes
19:28:25 DEBUG|     screendump_delay =3D 5
19:28:25 DEBUG|     screendump_quality =3D 30
19:28:25 DEBUG|     screendump_temp_dir =3D /dev/shm
19:28:25 DEBUG|     screendump_verbose =3D no
19:28:25 DEBUG|     scsi_hba =3D virtio-scsi-pci
19:28:25 DEBUG|     serial_type =3D isa-serial
19:28:25 DEBUG|     serials =3D serial0
19:28:25 DEBUG|     shell_client =3D ssh
19:28:25 DEBUG|     shell_linesep =3D \n
19:28:25 DEBUG|     shell_port =3D 22
19:28:25 DEBUG|     shell_prompt =3D ^\[.*\][\#\$]\s*$
19:28:25 DEBUG|     shortname =3D qcow2.virtio_scsi.smp2.virtio_net.Guest=
=2ERHEL.7.devel.aarch64.io-github-autotest-qemu.unattended_install.cdrom.=
extra_cdrom_ks.default_install.aio_threads.arm64-pci
19:28:25 DEBUG|     shutdown_cleanly =3D yes
19:28:25 DEBUG|     shutdown_cleanly_timeout =3D 120
19:28:25 DEBUG|     shutdown_command =3D shutdown -h now
19:28:25 DEBUG|     skip_cluster_leak_warn =3D no
19:28:25 DEBUG|     skip_image_check_during_running =3D no
19:28:25 DEBUG|     skip_image_processing =3D no
19:28:25 DEBUG|     smp =3D 2
19:28:25 DEBUG|     start_vm =3D no
19:28:25 DEBUG|     status_test_command =3D echo $?
19:28:25 DEBUG|     store_vm_register =3D no
19:28:25 DEBUG|     stress_args =3D --cpu 4 --io 4 --vm 2 --vm-bytes 256M=

19:28:25 DEBUG|     stress_install_from_repo =3D no
19:28:25 DEBUG|     strict_mode =3D no
19:28:25 DEBUG|     subtest =3D io-github-autotest-qemu.unattended_instal=
l
19:28:25 DEBUG|     syslog_server_enabled =3D no
19:28:25 DEBUG|     syslog_server_proto =3D udp
19:28:25 DEBUG|     sysprep_options =3D --operations machine-id
19:28:25 DEBUG|     sysprep_required =3D no
19:28:25 DEBUG|     take_regular_screendumps =3D no
19:28:25 DEBUG|     test_timeout =3D 14400
19:28:25 DEBUG|     type =3D unattended_install
19:28:25 DEBUG|     unattended_delivery_method =3D cdrom
19:28:25 DEBUG|     unattended_file =3D unattended/RHEL-7-devel.ks
19:28:25 DEBUG|     unattended_file_kernel_param_name =3D ks
19:28:25 DEBUG|     url =3D http://download.devel.redhat.com/composes/fin=
ished/latest-RHEL-8/compose/BaseOS/aarch64/os/
19:28:25 DEBUG|     url_auto_ip =3D=20
19:28:25 DEBUG|     usb_bus =3D usb1.0
19:28:25 DEBUG|     usb_controller =3D xhci
19:28:25 DEBUG|     usb_devices =3D tablet1
19:28:25 DEBUG|     usb_max_port =3D 6
19:28:25 DEBUG|     usb_type =3D qemu-xhci
19:28:25 DEBUG|     usb_type_tablet1 =3D usb-tablet
19:28:25 DEBUG|     usb_type_usb1 =3D qemu-xhci
19:28:25 DEBUG|     usbs =3D usb1
19:28:25 DEBUG|     use_autostart =3D no
19:28:25 DEBUG|     use_check_cpu =3D yes
19:28:25 DEBUG|     use_debug =3D yes
19:28:25 DEBUG|     use_no_reboot =3D no
19:28:25 DEBUG|     use_os_type =3D yes
19:28:25 DEBUG|     use_os_variant =3D no
19:28:25 DEBUG|     use_virt_install_wait =3D no
19:28:25 DEBUG|     used_cpus =3D 2
19:28:25 DEBUG|     used_mem =3D 512
19:28:25 DEBUG|     username =3D root
19:28:25 DEBUG|     verify_guest_dmesg =3D yes
19:28:25 DEBUG|     verify_host_dmesg =3D yes
19:28:25 DEBUG|     vfd_size =3D 1440k
19:28:25 DEBUG|     vga =3D virtio
19:28:25 DEBUG|     vga_use_legacy_expression =3D no
19:28:25 DEBUG|     vir_domain_undefine_nvram =3D yes
19:28:25 DEBUG|     virt_install_wait_time =3D 300
19:28:25 DEBUG|     virt_test_type =3D qemu libvirt
19:28:25 DEBUG|     virtinstall_extra_args =3D=20
19:28:25 DEBUG|     vm_arch_name =3D aarch64
19:28:25 DEBUG|     vm_mem_minimum =3D 2G
19:28:25 DEBUG|     vm_monitor_exit_status =3D no
19:28:25 DEBUG|     vm_register_delay =3D 5
19:28:25 DEBUG|     vm_type =3D qemu
19:28:25 DEBUG|     vms =3D avocado-vt-vm1
19:28:25 DEBUG|     vnc_autoport =3D yes
19:28:25 DEBUG| Searching for test modules that match 'type =3D unattende=
d_install' and 'provider =3D io-github-autotest-qemu' on this cartesian d=
ict
19:28:25 DEBUG| Found subtest module /var/lib/libvirt/images/avocado/avoc=
ado-vt/test-providers.d/downloads/io-github-autotest-qemu/generic/tests/u=
nattended_install.py
19:28:27 DEBUG| KVM version: 4.18.0-134.el8.aarch64
19:28:29 DEBUG| KVM userspace version(qemu): 4.1.50 (v4.1.0-132-gafd76053=
93-dirty)
19:28:29 INFO | Running 'true'
19:28:29 INFO | Command 'true' finished with 0 after 0.001523017883300781=
2s
19:28:29 INFO | Running 'ps -o comm 1'
19:28:29 DEBUG| [stdout] COMMAND
19:28:29 INFO | Command 'ps -o comm 1' finished with 0 after 0.0556919574=
7375488s
19:28:29 DEBUG| [stdout] systemd
19:28:29 INFO | Checking disk size on /var/lib/libvirt/images/avocado/avo=
cado-vt/images.
19:28:29 DEBUG| Image backup /var/lib/libvirt/images/avocado/avocado-vt/i=
mages/rhel7devel-aarch64.qcow2.backup already exists, skipping...
19:28:29 INFO | Create image on local fs.
19:28:29 INFO | Context: preprocessing --> Create image by command: /home=
/jenkins/aarch64/qemu-master-build/bin/qemu-img create -f qcow2 /var/lib/=
libvirt/images/avocado/avocado-vt/images/rhel7devel-aarch64.qcow2 10G
19:28:30 INFO | Starting unattended install setup
19:28:30 DEBUG| Automatically chosen class for iso9660: isoinfo
19:28:30 INFO | Running 'isoinfo -i /var/lib/libvirt/images/avocado/avoca=
do-vt/isos/linux/RHEL-7-devel-aarch64.iso -d'
19:28:30 DEBUG| [stdout] CD-ROM is in ISO 9660 format
19:28:30 INFO | Command 'isoinfo -i /var/lib/libvirt/images/avocado/avoca=
do-vt/isos/linux/RHEL-7-devel-aarch64.iso -d' finished with 0 after 0.002=
3012161254882812s
19:28:30 DEBUG| [stdout] System id: LINUX
19:28:30 DEBUG| [stdout] Volume id: RHEL-8-0-0-BaseOS-aarch64
19:28:30 DEBUG| [stdout] Volume set id:=20
19:28:30 DEBUG| [stdout] Publisher id:=20
19:28:30 DEBUG| [stdout] Data preparer id:=20
19:28:30 DEBUG| [stdout] Application id: GENISOIMAGE ISO 9660/HFS FILESYS=
TEM CREATOR (C) 1993 E.YOUNGDALE (C) 1997-2006 J.PEARSON/J.SCHILLING (C) =
2006-2007 CDRKIT TEAM
19:28:30 DEBUG| [stdout] Copyright File id:=20
19:28:30 DEBUG| [stdout] Abstract File id:=20
19:28:30 DEBUG| [stdout] Bibliographic File id:=20
19:28:30 DEBUG| [stdout] Volume set size is: 1
19:28:30 DEBUG| [stdout] Volume set sequence number is: 1
19:28:30 DEBUG| [stdout] Logical block size is: 2048
19:28:30 DEBUG| [stdout] Volume size is: 2511949
19:28:30 DEBUG| [stdout] El Torito VD version 1 found, boot catalog is in=
 sector 795
19:28:30 DEBUG| [stdout] Joliet with UCS level 3 found
19:28:30 DEBUG| [stdout] Rock Ridge signatures version 1 found
19:28:30 DEBUG| [stdout] Eltorito validation header:
19:28:30 DEBUG| [stdout]     Hid 1
19:28:30 DEBUG| [stdout]     Arch 239 (Unknown Arch)
19:28:30 DEBUG| [stdout]     ID ''
19:28:30 DEBUG| [stdout]     Key 55 AA
19:28:30 DEBUG| [stdout]     Eltorito defaultboot header:
19:28:30 DEBUG| [stdout]         Bootid 88 (bootable)
19:28:30 DEBUG| [stdout]         Boot media 0 (No Emulation Boot)
19:28:30 DEBUG| [stdout]         Load segment 0
19:28:30 DEBUG| [stdout]         Sys type 0
19:28:30 DEBUG| [stdout]         Nsect 32CC
19:28:30 DEBUG| [stdout]         Bootoff EE7 3815
19:28:32 INFO | Running 'cat /proc/mounts'
19:28:32 DEBUG| [stdout] sysfs /sys sysfs rw,seclabel,nosuid,nodev,noexec=
,relatime 0 0
19:28:32 INFO | Command 'cat /proc/mounts' finished with 0 after 0.005123=
138427734375s
19:28:32 DEBUG| [stdout] proc /proc proc rw,nosuid,nodev,noexec,relatime =
0 0
19:28:32 DEBUG| [stdout] devtmpfs /dev devtmpfs rw,seclabel,nosuid,size=3D=
33202560k,nr_inodes=3D518790,mode=3D755 0 0
19:28:32 DEBUG| [stdout] securityfs /sys/kernel/security securityfs rw,no=
suid,nodev,noexec,relatime 0 0
19:28:32 DEBUG| [stdout] tmpfs /dev/shm tmpfs rw,seclabel,nosuid,nodev 0 =
0
19:28:32 DEBUG| [stdout] devpts /dev/pts devpts rw,seclabel,nosuid,noexec=
,relatime,gid=3D5,mode=3D620,ptmxmode=3D000 0 0
19:28:32 DEBUG| [stdout] tmpfs /run tmpfs rw,seclabel,nosuid,nodev,mode=3D=
755 0 0
19:28:32 DEBUG| [stdout] tmpfs /sys/fs/cgroup tmpfs ro,seclabel,nosuid,no=
dev,noexec,mode=3D755 0 0
19:28:32 DEBUG| [stdout] cgroup /sys/fs/cgroup/systemd cgroup rw,seclabel=
,nosuid,nodev,noexec,relatime,xattr,release_agent=3D/usr/lib/systemd/syst=
emd-cgroups-agent,name=3Dsystemd 0 0
19:28:32 DEBUG| [stdout] pstore /sys/fs/pstore pstore rw,seclabel,nosuid,=
nodev,noexec,relatime 0 0
19:28:32 DEBUG| [stdout] efivarfs /sys/firmware/efi/efivars efivarfs rw,n=
osuid,nodev,noexec,relatime 0 0
19:28:32 DEBUG| [stdout] bpf /sys/fs/bpf bpf rw,nosuid,nodev,noexec,relat=
ime,mode=3D700 0 0
19:28:32 DEBUG| [stdout] cgroup /sys/fs/cgroup/net_cls,net_prio cgroup rw=
,seclabel,nosuid,nodev,noexec,relatime,net_cls,net_prio 0 0
19:28:32 DEBUG| [stdout] cgroup /sys/fs/cgroup/memory cgroup rw,seclabel,=
nosuid,nodev,noexec,relatime,memory 0 0
19:28:32 DEBUG| [stdout] cgroup /sys/fs/cgroup/devices cgroup rw,seclabel=
,nosuid,nodev,noexec,relatime,devices 0 0
19:28:32 DEBUG| [stdout] cgroup /sys/fs/cgroup/cpu,cpuacct cgroup rw,secl=
abel,nosuid,nodev,noexec,relatime,cpu,cpuacct 0 0
19:28:32 DEBUG| [stdout] cgroup /sys/fs/cgroup/freezer cgroup rw,seclabel=
,nosuid,nodev,noexec,relatime,freezer 0 0
19:28:32 DEBUG| [stdout] cgroup /sys/fs/cgroup/perf_event cgroup rw,secla=
bel,nosuid,nodev,noexec,relatime,perf_event 0 0
19:28:32 DEBUG| [stdout] cgroup /sys/fs/cgroup/blkio cgroup rw,seclabel,n=
osuid,nodev,noexec,relatime,blkio 0 0
19:28:32 DEBUG| [stdout] cgroup /sys/fs/cgroup/cpuset cgroup rw,seclabel,=
nosuid,nodev,noexec,relatime,cpuset 0 0
19:28:32 DEBUG| [stdout] cgroup /sys/fs/cgroup/rdma cgroup rw,seclabel,no=
suid,nodev,noexec,relatime,rdma 0 0
19:28:32 DEBUG| [stdout] cgroup /sys/fs/cgroup/pids cgroup rw,seclabel,no=
suid,nodev,noexec,relatime,pids 0 0
19:28:32 DEBUG| [stdout] cgroup /sys/fs/cgroup/hugetlb cgroup rw,seclabel=
,nosuid,nodev,noexec,relatime,hugetlb 0 0
19:28:32 DEBUG| [stdout] configfs /sys/kernel/config configfs rw,relatime=
 0 0
19:28:32 DEBUG| [stdout] /dev/mapper/rhel_gigabyte--r120--15-root / xfs r=
w,seclabel,relatime,attr2,inode64,noquota 0 0
19:28:32 DEBUG| [stdout] selinuxfs /sys/fs/selinux selinuxfs rw,relatime =
0 0
19:28:32 DEBUG| [stdout] systemd-1 /proc/sys/fs/binfmt_misc autofs rw,rel=
atime,fd=3D46,pgrp=3D1,timeout=3D0,minproto=3D5,maxproto=3D5,direct,pipe_=
ino=3D1225 0 0
19:28:32 DEBUG| [stdout] debugfs /sys/kernel/debug debugfs rw,seclabel,re=
latime 0 0
19:28:32 DEBUG| [stdout] mqueue /dev/mqueue mqueue rw,seclabel,relatime 0=
 0
19:28:32 DEBUG| [stdout] hugetlbfs /dev/hugepages hugetlbfs rw,seclabel,r=
elatime,pagesize=3D512M 0 0
19:28:32 DEBUG| [stdout] /dev/sda2 /boot xfs rw,seclabel,relatime,attr2,i=
node64,noquota 0 0
19:28:32 DEBUG| [stdout] /dev/sda1 /boot/efi vfat rw,relatime,fmask=3D007=
7,dmask=3D0077,codepage=3D437,iocharset=3Dascii,shortname=3Dwinnt,errors=3D=
remount-ro 0 0
19:28:32 DEBUG| [stdout] /dev/mapper/rhel_gigabyte--r120--15-home /home x=
fs rw,seclabel,relatime,attr2,inode64,noquota 0 0
19:28:32 DEBUG| [stdout] sunrpc /var/lib/nfs/rpc_pipefs rpc_pipefs rw,rel=
atime 0 0
19:28:32 DEBUG| [stdout] tmpfs /run/user/0 tmpfs rw,seclabel,nosuid,nodev=
,relatime,size=3D6643392k,mode=3D700 0 0
19:28:32 DEBUG| [stdout] binfmt_misc /proc/sys/fs/binfmt_misc binfmt_misc=
 rw,relatime 0 0
19:28:32 DEBUG| Unattended install contents:
19:28:32 DEBUG| install
19:28:32 DEBUG| cdrom
19:28:32 DEBUG| text
19:28:32 DEBUG| poweroff
19:28:32 DEBUG| lang en_US.UTF-8
19:28:32 DEBUG| keyboard us
19:28:32 DEBUG| network --onboot yes --device eth0 --bootproto dhcp
19:28:32 DEBUG| rootpw --plaintext 123456
19:28:32 DEBUG| firstboot --disable
19:28:32 DEBUG| user --name=3Dtest --password=3D123456
19:28:32 DEBUG| firewall --enabled --ssh
19:28:32 DEBUG| selinux --enforcing
19:28:32 DEBUG| timezone --utc America/New_York
19:28:32 DEBUG| bootloader --location=3Dmbr --append=3D"console=3Dtty0 co=
nsole=3DttyS0,115200"
19:28:32 DEBUG| zerombr
19:28:32 DEBUG|=20
19:28:32 DEBUG| clearpart --all --initlabel
19:28:32 DEBUG| autopart
19:28:32 DEBUG| xconfig --startxonboot
19:28:32 DEBUG|=20
19:28:32 DEBUG| %packages --ignoremissing
19:28:32 DEBUG| @base
19:28:32 DEBUG| @core
19:28:32 DEBUG| @development
19:28:32 DEBUG| @additional-devel
19:28:32 DEBUG| @debugging
19:28:32 DEBUG| @network-tools
19:28:32 DEBUG| @x11
19:28:32 DEBUG| @gnome-desktop
19:28:32 DEBUG| @fonts
19:28:32 DEBUG| @smart-card
19:28:32 DEBUG| gnome-utils
19:28:32 DEBUG| python-imaging
19:28:32 DEBUG| python-six
19:28:32 DEBUG| pyparsing
19:28:32 DEBUG| net-tools
19:28:32 DEBUG| NetworkManager
19:28:32 DEBUG| ntpdate
19:28:32 DEBUG| dconf
19:28:32 DEBUG| watchdog
19:28:32 DEBUG| coreutils
19:28:32 DEBUG| usbutils
19:28:32 DEBUG| spice-xpi
19:28:32 DEBUG| spice-gtk3
19:28:32 DEBUG| docbook-utils
19:28:32 DEBUG| sgml-common
19:28:32 DEBUG| openjade
19:28:32 DEBUG| virt-viewer
19:28:32 DEBUG| pulseaudio-libs-devel
19:28:32 DEBUG| mesa-libGL-devel
19:28:32 DEBUG| pygtk2-devel
19:28:32 DEBUG| libjpeg-turbo-devel
19:28:32 DEBUG| spice-vdagent
19:28:32 DEBUG| usbredir
19:28:32 DEBUG| SDL
19:28:32 DEBUG| totem
19:28:32 DEBUG| dmidecode
19:28:32 DEBUG| alsa-utils
19:28:32 DEBUG| sg3_utils
19:28:32 DEBUG| -gnome-initial-setup
19:28:32 DEBUG| %end
19:28:32 DEBUG|=20
19:28:32 DEBUG| %post
19:28:32 DEBUG| # Output to all consoles defined in /proc/consoles, use "=
major:minor" as
19:28:32 DEBUG| # device names are unreliable on some platforms
19:28:32 DEBUG| # https://bugzilla.redhat.com/show_bug.cgi?id=3D1351968
19:28:32 DEBUG| function ECHO { for TTY in `cat /proc/consoles | awk '{pr=
int $NF}'`; do source "/sys/dev/char/$TTY/uevent" && echo "$*" > /dev/$DE=
VNAME; done }
19:28:32 DEBUG| ECHO "OS install is completed"
19:28:32 DEBUG| ECHO "remove rhgb quiet by grubby"
19:28:32 DEBUG| grubby --remove-args=3D"rhgb quiet" --update-kernel=3D$(g=
rubby --default-kernel)
19:28:32 DEBUG| ECHO "dhclient"
19:28:32 DEBUG| dhclient
19:28:32 DEBUG| ECHO "chkconfig sshd on"
19:28:32 DEBUG| chkconfig sshd on
19:28:32 DEBUG| ECHO "iptables -F"
19:28:32 DEBUG| iptables -F
19:28:32 DEBUG| ECHO "echo 0 > selinux/enforce"
19:28:32 DEBUG| echo 0 > /selinux/enforce
19:28:32 DEBUG| ECHO "chkconfig NetworkManager on"
19:28:32 DEBUG| chkconfig NetworkManager on
19:28:32 DEBUG| ECHO "update ifcfg-eth0"
19:28:32 DEBUG| sed -i "/^HWADDR/d" /etc/sysconfig/network-scripts/ifcfg-=
eth0
19:28:32 DEBUG| ECHO "Disable lock cdrom udev rules"
19:28:32 DEBUG| sed -i "/--lock-media/s/^/#/" /usr/lib/udev/rules.d/60-cd=
rom_id.rules 2>/dev/null>&1
19:28:32 DEBUG| #Workaround for graphical boot as anaconda seems to alway=
s instert skipx
19:28:32 DEBUG| systemctl set-default graphical.target
19:28:32 DEBUG| sed -i "/^HWADDR/d" /etc/sysconfig/network-scripts/ifcfg-=
*
19:28:32 DEBUG| sed -i "s/ONBOOT=3Dno/ONBOOT=3Dyes/" /etc/sysconfig/netwo=
rk-scripts/ifcfg-*
19:28:32 DEBUG| cat > '/etc/gdm/custom.conf' << EOF
19:28:32 DEBUG| [daemon]
19:28:32 DEBUG| AutomaticLogin=3Dtest
19:28:32 DEBUG| AutomaticLoginEnable=3DTrue
19:28:32 DEBUG| EOF
19:28:32 DEBUG| cat >> '/etc/sudoers' << EOF
19:28:32 DEBUG| test ALL =3D NOPASSWD: /sbin/shutdown -r now,/sbin/shutdo=
wn -h now
19:28:32 DEBUG| EOF
19:28:32 DEBUG| cat >> '/home/test/.bashrc' << EOF
19:28:32 DEBUG| alias shutdown=3D'sudo shutdown'
19:28:32 DEBUG| EOF
19:28:32 DEBUG| ECHO 'Post set up finished'
19:28:32 DEBUG| %end
19:28:32 INFO | Running 'cat /proc/mounts'
19:28:32 DEBUG| [stdout] sysfs /sys sysfs rw,seclabel,nosuid,nodev,noexec=
,relatime 0 0
19:28:32 INFO | Command 'cat /proc/mounts' finished with 0 after 0.004851=
341247558594s
19:28:32 DEBUG| [stdout] proc /proc proc rw,nosuid,nodev,noexec,relatime =
0 0
19:28:32 DEBUG| [stdout] devtmpfs /dev devtmpfs rw,seclabel,nosuid,size=3D=
33202560k,nr_inodes=3D518790,mode=3D755 0 0
19:28:32 DEBUG| [stdout] securityfs /sys/kernel/security securityfs rw,no=
suid,nodev,noexec,relatime 0 0
19:28:32 DEBUG| [stdout] tmpfs /dev/shm tmpfs rw,seclabel,nosuid,nodev 0 =
0
19:28:32 DEBUG| [stdout] devpts /dev/pts devpts rw,seclabel,nosuid,noexec=
,relatime,gid=3D5,mode=3D620,ptmxmode=3D000 0 0
19:28:32 DEBUG| [stdout] tmpfs /run tmpfs rw,seclabel,nosuid,nodev,mode=3D=
755 0 0
19:28:32 DEBUG| [stdout] tmpfs /sys/fs/cgroup tmpfs ro,seclabel,nosuid,no=
dev,noexec,mode=3D755 0 0
19:28:32 DEBUG| [stdout] cgroup /sys/fs/cgroup/systemd cgroup rw,seclabel=
,nosuid,nodev,noexec,relatime,xattr,release_agent=3D/usr/lib/systemd/syst=
emd-cgroups-agent,name=3Dsystemd 0 0
19:28:32 DEBUG| [stdout] pstore /sys/fs/pstore pstore rw,seclabel,nosuid,=
nodev,noexec,relatime 0 0
19:28:32 DEBUG| [stdout] efivarfs /sys/firmware/efi/efivars efivarfs rw,n=
osuid,nodev,noexec,relatime 0 0
19:28:32 DEBUG| [stdout] bpf /sys/fs/bpf bpf rw,nosuid,nodev,noexec,relat=
ime,mode=3D700 0 0
19:28:32 DEBUG| [stdout] cgroup /sys/fs/cgroup/net_cls,net_prio cgroup rw=
,seclabel,nosuid,nodev,noexec,relatime,net_cls,net_prio 0 0
19:28:32 DEBUG| [stdout] cgroup /sys/fs/cgroup/memory cgroup rw,seclabel,=
nosuid,nodev,noexec,relatime,memory 0 0
19:28:32 DEBUG| [stdout] cgroup /sys/fs/cgroup/devices cgroup rw,seclabel=
,nosuid,nodev,noexec,relatime,devices 0 0
19:28:32 DEBUG| [stdout] cgroup /sys/fs/cgroup/cpu,cpuacct cgroup rw,secl=
abel,nosuid,nodev,noexec,relatime,cpu,cpuacct 0 0
19:28:32 DEBUG| [stdout] cgroup /sys/fs/cgroup/freezer cgroup rw,seclabel=
,nosuid,nodev,noexec,relatime,freezer 0 0
19:28:32 DEBUG| [stdout] cgroup /sys/fs/cgroup/perf_event cgroup rw,secla=
bel,nosuid,nodev,noexec,relatime,perf_event 0 0
19:28:32 DEBUG| [stdout] cgroup /sys/fs/cgroup/blkio cgroup rw,seclabel,n=
osuid,nodev,noexec,relatime,blkio 0 0
19:28:32 DEBUG| [stdout] cgroup /sys/fs/cgroup/cpuset cgroup rw,seclabel,=
nosuid,nodev,noexec,relatime,cpuset 0 0
19:28:32 DEBUG| [stdout] cgroup /sys/fs/cgroup/rdma cgroup rw,seclabel,no=
suid,nodev,noexec,relatime,rdma 0 0
19:28:32 DEBUG| [stdout] cgroup /sys/fs/cgroup/pids cgroup rw,seclabel,no=
suid,nodev,noexec,relatime,pids 0 0
19:28:32 DEBUG| [stdout] cgroup /sys/fs/cgroup/hugetlb cgroup rw,seclabel=
,nosuid,nodev,noexec,relatime,hugetlb 0 0
19:28:32 DEBUG| [stdout] configfs /sys/kernel/config configfs rw,relatime=
 0 0
19:28:32 DEBUG| [stdout] /dev/mapper/rhel_gigabyte--r120--15-root / xfs r=
w,seclabel,relatime,attr2,inode64,noquota 0 0
19:28:32 DEBUG| [stdout] selinuxfs /sys/fs/selinux selinuxfs rw,relatime =
0 0
19:28:32 DEBUG| [stdout] systemd-1 /proc/sys/fs/binfmt_misc autofs rw,rel=
atime,fd=3D46,pgrp=3D1,timeout=3D0,minproto=3D5,maxproto=3D5,direct,pipe_=
ino=3D1225 0 0
19:28:32 DEBUG| [stdout] debugfs /sys/kernel/debug debugfs rw,seclabel,re=
latime 0 0
19:28:32 DEBUG| [stdout] mqueue /dev/mqueue mqueue rw,seclabel,relatime 0=
 0
19:28:32 DEBUG| [stdout] hugetlbfs /dev/hugepages hugetlbfs rw,seclabel,r=
elatime,pagesize=3D512M 0 0
19:28:32 DEBUG| [stdout] /dev/sda2 /boot xfs rw,seclabel,relatime,attr2,i=
node64,noquota 0 0
19:28:32 DEBUG| [stdout] /dev/sda1 /boot/efi vfat rw,relatime,fmask=3D007=
7,dmask=3D0077,codepage=3D437,iocharset=3Dascii,shortname=3Dwinnt,errors=3D=
remount-ro 0 0
19:28:32 DEBUG| [stdout] /dev/mapper/rhel_gigabyte--r120--15-home /home x=
fs rw,seclabel,relatime,attr2,inode64,noquota 0 0
19:28:32 DEBUG| [stdout] sunrpc /var/lib/nfs/rpc_pipefs rpc_pipefs rw,rel=
atime 0 0
19:28:32 DEBUG| [stdout] tmpfs /run/user/0 tmpfs rw,seclabel,nosuid,nodev=
,relatime,size=3D6643392k,mode=3D700 0 0
19:28:32 DEBUG| [stdout] binfmt_misc /proc/sys/fs/binfmt_misc binfmt_misc=
 rw,relatime 0 0
19:28:32 DEBUG| unattended install CD image /var/lib/libvirt/images/avoca=
do/avocado-vt/images/rhel7-64/ks.iso successfully created
19:28:32 DEBUG| Host does not support OpenVSwitch: Command 'ovs-vswitchd'=
 could not be found in any of the PATH dirs: ['/usr/share/Modules/bin', '=
/bin', '/usr/bin', '/usr/libexec', '/sbin', '/usr/local/bin', '/usr/local=
/sbin', '/usr/sbin']
19:28:33 INFO | Running '/home/jenkins/aarch64/qemu-master-build/bin/qemu=
-system-aarch64 -version'
19:28:33 DEBUG| [stdout] QEMU emulator version 4.1.50 (v4.1.0-132-gafd760=
5393-dirty)
19:28:33 DEBUG| [stdout] Copyright (c) 2003-2019 Fabrice Bellard and the =
QEMU Project developers
19:28:33 INFO | Command '/home/jenkins/aarch64/qemu-master-build/bin/qemu=
-system-aarch64 -version' finished with 0 after 0.6501872539520264s
19:28:33 DEBUG| Generating random mac address for nic
19:28:34 DEBUG| Host does not support OpenVSwitch: Command 'ovs-vswitchd'=
 could not be found in any of the PATH dirs: ['/usr/share/Modules/bin', '=
/bin', '/usr/bin', '/usr/libexec', '/sbin', '/usr/local/bin', '/usr/local=
/sbin', '/usr/sbin']
19:28:34 DEBUG| Adding VM avocado-vt-vm1 NIC ifname t0-1UZNrU to bridge v=
irbr0
19:28:34 DEBUG| Host does not support OpenVSwitch: Command 'ovs-vswitchd'=
 could not be found in any of the PATH dirs: ['/usr/share/Modules/bin', '=
/bin', '/usr/bin', '/usr/libexec', '/sbin', '/usr/local/bin', '/usr/local=
/sbin', '/usr/sbin']
19:28:39 WARNI| Support for aarch64 is highly experimental!
19:28:42 DEBUG| Detected CPU vendor as 'unknown'
19:28:42 ERROR| Non existing CPU model host will be passed to qemu (wrong=
 config or negative test)
19:28:43 WARNI| -boot on arm64-pci:virt is usually not supported, use boo=
tindex instead.
19:28:43 DEBUG| qemu will run in KVM mode
19:28:43 DEBUG| Devices of avocado-vt-vm1: [t'PREFIX',t'qemu',t'-S',t'vmn=
ame',t'AAVMF_CODE',t'AAVMF_VARS',t'machine',t'gpex-root',t'nodefaults',a'=
virtio-gpu-pci',t'HMP-qmpmonitor1',t'HMP-catch_monitor',t'SER-serial0',t'=
isa-log',pcie.0-root-port-2,usb1,pcie.0-root-port-3,virtio_scsi_pci0,file=
_image1,drive_image1,image1,pcie.0-root-port-4,idooTV42,t'NET-bridge',t'm=
em',t'smp',t'cpu',file_cd1,drive_cd1,cd1,file_unattended,drive_unattended=
,unattended,usb-tablet1,t'kernel',t'kernel-params',t'initrd',t'tcp-redir'=
,t'tcp-redir',t'display',t'rtc',t'bootmenu',t'kvm',pcie_extra_root_port_0=
,pcie_extra_root_port_1]
19:28:43 DEBUG| Buses of avocado-vt-vm1
  pcie_extra_root_port_1(PCIE): {}
  pcie_extra_root_port_0(PCIE): {}
  drive_unattended(QDrive): {drive:unattended}
  drive_cd1(QDrive): {drive:cd1}
  pcie.0-root-port-4(PCIE): {0x0-0x0:idooTV42}
  drive_image1(QDrive): {drive:image1}
  virtio_scsi_pci0.0(virtio-scsi-pci): {0-0:image1,1-0:cd1,2-0:unattended=
}
  pcie.0-root-port-3(PCIE): {0x0-0x0:virtio_scsi_pci0}
  usb1.0(xhci): {1:usb-tablet1}
  pcie.0-root-port-2(PCIE): {0x0-0x0:usb1}
  _PCI_CHASSIS_NR(None): {}
  _PCI_CHASSIS(None): {}
  pcie.0(PCIE): {0x0-0x0:t'gpex-root',0x1-0x0:a'virtio-gpu-pci',0x2-0x0:p=
cie.0-root-port-2,0x3-0x0:pcie.0-root-port-3,0x4-0x0:pcie.0-root-port-4,0=
x5-0x0:pcie_extra_root_port_0,0x6-0x0:pcie_extra_root_port_1}
19:28:43 INFO | Running qemu command (reformatted):
MALLOC_PERTURB_=3D1  /home/jenkins/aarch64/qemu-master-build/bin/qemu-sys=
tem-aarch64 \
    -S  \
    -name 'avocado-vt-vm1' \
    -drive file=3D/usr/share/AAVMF/AAVMF_CODE.fd,if=3Dpflash,format=3Draw=
,unit=3D0,readonly=3Don \
    -drive file=3D/var/lib/libvirt/images/avocado/avocado-vt/images/rhel7=
devel-aarch64_AAVMF_VARS.fd,if=3Dpflash,format=3Draw,unit=3D1 \
    -machine virt,gic-version=3Dhost  \
    -nodefaults \
    -device virtio-gpu-pci,bus=3Dpcie.0,addr=3D0x1  \
    -chardev socket,id=3Dhmp_id_qmpmonitor1,path=3D/var/tmp/avocado_tvjh5=
pxy/monitor-qmpmonitor1-20190818-192502-6nUqJjFV,server,nowait \
    -mon chardev=3Dhmp_id_qmpmonitor1,mode=3Dreadline  \
    -chardev socket,id=3Dhmp_id_catch_monitor,path=3D/var/tmp/avocado_tvj=
h5pxy/monitor-catch_monitor-20190818-192502-6nUqJjFV,server,nowait \
    -mon chardev=3Dhmp_id_catch_monitor,mode=3Dreadline  \
    -serial unix:'/var/tmp/avocado_tvjh5pxy/serial-serial0-20190818-19250=
2-6nUqJjFV',server,nowait \
    -device pcie-root-port,id=3Dpcie.0-root-port-2,slot=3D2,chassis=3D2,a=
ddr=3D0x2,bus=3Dpcie.0 \
    -device qemu-xhci,id=3Dusb1,bus=3Dpcie.0-root-port-2,addr=3D0x0 \
    -device pcie-root-port,id=3Dpcie.0-root-port-3,slot=3D3,chassis=3D3,a=
ddr=3D0x3,bus=3Dpcie.0 \
    -device virtio-scsi-pci,id=3Dvirtio_scsi_pci0,bus=3Dpcie.0-root-port-=
3,addr=3D0x0 \
    -blockdev node-name=3Dfile_image1,driver=3Dfile,filename=3D/var/lib/l=
ibvirt/images/avocado/avocado-vt/images/rhel7devel-aarch64.qcow2 \
    -blockdev node-name=3Ddrive_image1,driver=3Dqcow2,file=3Dfile_image1 =
\
    -device scsi-hd,id=3Dimage1,drive=3Ddrive_image1 \
    -device pcie-root-port,id=3Dpcie.0-root-port-4,slot=3D4,chassis=3D4,a=
ddr=3D0x4,bus=3Dpcie.0 \
    -device virtio-net-pci,mac=3D9a:30:63:fc:96:fc,rombar=3D0,id=3DidooTV=
42,netdev=3DidAVN8sc,bus=3Dpcie.0-root-port-4,addr=3D0x0  \
    -netdev tap,id=3DidAVN8sc,fd=3D19 \
    -m 4096  \
    -smp 2,maxcpus=3D2,cores=3D1,threads=3D1,sockets=3D2  \
    -cpu 'host' \
    -blockdev node-name=3Dfile_cd1,driver=3Dfile,read-only=3Don,filename=3D=
/home/isos/RHEL-8.0.0-20190404.2-aarch64-dvd1.iso \
    -blockdev node-name=3Ddrive_cd1,driver=3Draw,read-only=3Don,file=3Dfi=
le_cd1 \
    -device scsi-cd,id=3Dcd1,drive=3Ddrive_cd1 \
    -blockdev node-name=3Dfile_unattended,driver=3Dfile,read-only=3Don,fi=
lename=3D/var/lib/libvirt/images/avocado/avocado-vt/images/rhel7-64/ks.is=
o \
    -blockdev node-name=3Ddrive_unattended,driver=3Draw,read-only=3Don,fi=
le=3Dfile_unattended \
    -device scsi-cd,id=3Dunattended,drive=3Ddrive_unattended \
    -device usb-tablet,id=3Dusb-tablet1,bus=3Dusb1.0,port=3D1  \
    -kernel '/var/lib/libvirt/images/avocado/avocado-vt/images/rhel7-aarc=
h64/vmlinuz'  \
    -append 'ks=3Dcdrom inst.sshd nicdelay=3D60  earlyprintk=3Dpl011,0x90=
00000 console=3DttyAMA0 debug ignore_loglevel rootwait'  \
    -initrd '/var/lib/libvirt/images/avocado/avocado-vt/images/rhel7-aarc=
h64/initrd.img'  \
    -vnc :0  \
    -rtc base=3Dutc,clock=3Dhost \
    -enable-kvm \
    -device pcie-root-port,id=3Dpcie_extra_root_port_0,slot=3D5,chassis=3D=
5,addr=3D0x5,bus=3Dpcie.0 \
    -device pcie-root-port,id=3Dpcie_extra_root_port_1,slot=3D6,chassis=3D=
6,addr=3D0x6,bus=3Dpcie.0
19:28:44 INFO | Created qemu process with parent PID 18777
19:28:45 INFO | Connecting to monitor '<<class 'virttest.qemu_monitor.Hum=
anMonitor'>> qmpmonitor1'
19:28:45 DEBUG| (monitor avocado-vt-vm1.qmpmonitor1) Sending command 'hel=
p set_link'=20
19:28:45 DEBUG| Send command: help set_link
19:28:45 DEBUG| (monitor avocado-vt-vm1.qmpmonitor1) Response to 'help se=
t_link'
19:28:45 DEBUG| (monitor avocado-vt-vm1.qmpmonitor1)    set_link name on|=
off -- change the link status of a network adapter
19:28:45 INFO | Connecting to monitor '<<class 'virttest.qemu_monitor.Hum=
anMonitor'>> catch_monitor'
19:28:45 DEBUG| (monitor avocado-vt-vm1.catch_monitor) Sending command 'h=
elp set_link'=20
19:28:45 DEBUG| Send command: help set_link
19:28:45 DEBUG| (monitor avocado-vt-vm1.catch_monitor) Response to 'help =
set_link'
19:28:45 DEBUG| (monitor avocado-vt-vm1.catch_monitor)    set_link name o=
n|off -- change the link status of a network adapter
19:28:45 DEBUG| VM appears to be alive with PID 18785
19:28:45 DEBUG| (monitor avocado-vt-vm1.qmpmonitor1) Sending command 'inf=
o cpus'=20
19:28:45 DEBUG| Send command: info cpus
19:28:45 DEBUG| (monitor avocado-vt-vm1.qmpmonitor1) Response to 'info cp=
us'
19:28:45 DEBUG| (monitor avocado-vt-vm1.qmpmonitor1)    * CPU #0: thread_=
id=3D18800
19:28:45 DEBUG| (monitor avocado-vt-vm1.qmpmonitor1)      CPU #1: thread_=
id=3D18802
19:28:47 DEBUG| (monitor avocado-vt-vm1.qmpmonitor1) Sending command 'con=
t'=20
19:28:47 DEBUG| Send command: cont
19:28:47 INFO | Waiting for installation to finish. Timeout set to 7200 s=
 (120 min)
19:28:47 DEBUG| Monitoring serial console log for completion message: /ho=
me/jenkins/workspace/ld-aarch64-gicv3-test/job-2019-08-18T12.53-ec07a5d/t=
est-results/094-functional_git_RHEL-8_dvd io-github-autotest-qemu.unatten=
ded_install.cdrom.extra_cdrom_ks.default_install.aio_threads_-e630/serial=
-serial0-avocado-vt-vm1.log
21:28:47 WARNI| Timeout elapsed while waiting for install to finish=20
21:28:47 DEBUG| Attempting to log into 'avocado-vt-vm1' (timeout 240s)
21:28:47 DEBUG| Retry verifying IP address (0.000015 secs)
21:29:49 DEBUG| Dropped the address cache of HWADDR (9a:30:63:fc:96:fc)
21:32:47 DEBUG| Attempting to log into 'avocado-vt-vm1' via serial consol=
e (timeout 240s)
21:33:01 INFO | [qemu output] (Process terminated with status 0)
21:33:08 WARNI| Error occur when update VM address cache: VM is dead
21:33:08 DEBUG| Sending command: true
21:33:08 INFO | Skipping log_useful_files #0: Shell process terminated wh=
ile waiting for command to complete: 'true'    (status: 1,    output: 'Nc=
at: Broken pipe.\n')
21:33:08 ERROR|=20
21:33:08 ERROR| Reproduced traceback from: /usr/lib/python3.6/site-packag=
es/avocado_vt/test.py:449
21:33:08 ERROR| Traceback (most recent call last):
21:33:08 ERROR|   File "/var/lib/libvirt/images/avocado/avocado-vt/test-p=
roviders.d/downloads/io-github-autotest-qemu/generic/tests/unattended_ins=
tall.py", line 25, in run
21:33:08 ERROR|     unattended_install.run(test, params, env)
21:33:08 ERROR|   File "/usr/lib/python3.6/site-packages/virttest/error_c=
ontext.py", line 135, in new_fn
21:33:08 ERROR|     return fn(*args, **kwargs)
21:33:08 ERROR|   File "/usr/lib/python3.6/site-packages/virttest/tests/u=
nattended_install.py", line 1444, in run
21:33:08 ERROR|     raise exceptions.TestFail("Timeout elapsed while wait=
ing for install to "
21:33:08 ERROR| avocado.core.exceptions.TestFail: Timeout elapsed while w=
aiting for install to finish
21:33:08 ERROR|=20
21:33:09 DEBUG| Host does not support OpenVSwitch: Command 'ovs-vswitchd'=
 could not be found in any of the PATH dirs: ['/usr/share/Modules/bin', '=
/bin', '/usr/bin', '/usr/libexec', '/sbin', '/usr/local/bin', '/usr/local=
/sbin', '/usr/sbin']
21:33:09 DEBUG| Checking image file /var/lib/libvirt/images/avocado/avoca=
do-vt/images/rhel7devel-aarch64.qcow2
21:33:09 DEBUG| Run qemu-img info command on /var/lib/libvirt/images/avoc=
ado/avocado-vt/images/rhel7devel-aarch64.qcow2
21:33:09 INFO | Running '/home/jenkins/aarch64/qemu-master-build/bin/qemu=
-img info -U /var/lib/libvirt/images/avocado/avocado-vt/images/rhel7devel=
-aarch64.qcow2 --output=3Dhuman'
21:33:09 DEBUG| [stdout] image: /var/lib/libvirt/images/avocado/avocado-v=
t/images/rhel7devel-aarch64.qcow2
21:33:09 DEBUG| [stdout] file format: qcow2
21:33:09 DEBUG| [stdout] virtual size: 10 GiB (10737418240 bytes)
21:33:09 INFO | Command '/home/jenkins/aarch64/qemu-master-build/bin/qemu=
-img info -U /var/lib/libvirt/images/avocado/avocado-vt/images/rhel7devel=
-aarch64.qcow2 --output=3Dhuman' finished with 0 after 0.2244665622711181=
6s
21:33:09 DEBUG| [stdout] disk size: 2.73 GiB
21:33:09 DEBUG| [stdout] cluster_size: 65536
21:33:09 DEBUG| [stdout] Format specific information:
21:33:09 DEBUG| [stdout]     compat: 1.1
21:33:09 DEBUG| [stdout]     lazy refcounts: false
21:33:09 DEBUG| [stdout]     refcount bits: 16
21:33:09 DEBUG| [stdout]     corrupt: false
21:33:10 DEBUG| Copying /var/lib/libvirt/images/avocado/avocado-vt/images=
/rhel7devel-aarch64.qcow2.backup -> /var/lib/libvirt/images/avocado/avoca=
do-vt/images/rhel7devel-aarch64.qcow2
21:33:21 INFO | Running 'true'
21:33:21 INFO | Command 'true' finished with 0 after 0.001579761505126953=
1s
21:33:21 INFO | Running 'ps -o comm 1'
21:33:21 DEBUG| [stdout] COMMAND
21:33:21 INFO | Command 'ps -o comm 1' finished with 0 after 0.0528864860=
534668s
21:33:21 DEBUG| [stdout] systemd
21:33:21 ERROR|=20
21:33:21 ERROR| Reproduced traceback from: /usr/local/lib/python3.6/site-=
packages/avocado/core/test.py:853
21:33:22 ERROR| Traceback (most recent call last):
21:33:22 ERROR|   File "/usr/lib/python3.6/site-packages/avocado_vt/test.=
py", line 312, in runTest
21:33:22 ERROR|     raise self.__status  # pylint: disable=3DE0702
21:33:22 ERROR|   File "/usr/lib/python3.6/site-packages/avocado_vt/test.=
py", line 263, in setUp
21:33:22 ERROR|     self._runTest()
21:33:22 ERROR|   File "/usr/lib/python3.6/site-packages/avocado_vt/test.=
py", line 438, in _runTest
21:33:22 ERROR|     run_func(self, params, env)
21:33:22 ERROR|   File "/var/lib/libvirt/images/avocado/avocado-vt/test-p=
roviders.d/downloads/io-github-autotest-qemu/generic/tests/unattended_ins=
tall.py", line 25, in run
21:33:22 ERROR|     unattended_install.run(test, params, env)
21:33:22 ERROR|   File "/usr/lib/python3.6/site-packages/virttest/error_c=
ontext.py", line 135, in new_fn
21:33:22 ERROR|     return fn(*args, **kwargs)
21:33:22 ERROR|   File "/usr/lib/python3.6/site-packages/virttest/tests/u=
nattended_install.py", line 1444, in run
21:33:22 ERROR|     raise exceptions.TestFail("Timeout elapsed while wait=
ing for install to "
21:33:22 ERROR| avocado.core.exceptions.TestFail: Timeout elapsed while w=
aiting for install to finish
21:33:22 ERROR|=20
21:33:22 DEBUG| Local variables:
21:33:54 DEBUG|  -> self <class 'avocado_vt.test.VirtTest'>: 094-function=
al/git/RHEL-8/dvd io-github-autotest-qemu.unattended_install.cdrom.extra_=
cdrom_ks.default_install.aio_threads;-e630
21:33:54 DEBUG| DATA (filename=3Doutput.expected) =3D> NOT FOUND (data so=
urces: variant, test, file)
21:33:54 DEBUG| DATA (filename=3Dstdout.expected) =3D> NOT FOUND (data so=
urces: variant, test, file)
21:33:54 DEBUG| DATA (filename=3Dstderr.expected) =3D> NOT FOUND (data so=
urces: variant, test, file)
21:33:54 ERROR| FAIL 094-functional/git/RHEL-8/dvd io-github-autotest-qem=
u.unattended_install.cdrom.extra_cdrom_ks.default_install.aio_threads;-e6=
30 -> TestFail: Timeout elapsed while waiting for install to finish
21:33:54 INFO |=20

--------------6FF53884564E090C45E246C8
Content-Type: text/x-log;
 name="serial-serial0-avocado-vt-vm1.log"
Content-Transfer-Encoding: quoted-printable
Content-Disposition: attachment;
 filename="serial-serial0-avocado-vt-vm1.log"

2019-08-18 19:28:47: UEFI firmware starting.
2019-08-18 19:28:47: =00=00
2019-08-18 19:28:51: =1B[2J=1B[01;01H=1B[=3D3h=1B[2J=1B[01;01H=1B[2J=1B[0=
1;01H=1B[=3D3h=1B[2J=1B[01;01H=1B[2J=1B[01;01H=1B[=3D3h=1B[2J=1B[01;01H=1B=
[0m=1B[35m=1B[40m
2019-08-18 19:28:51: =1B[0m=1B[37m=1B[40mEFI stub: Booting Linux Kernel..=
=2E
2019-08-18 19:28:51: EFI stub: EFI_RNG_PROTOCOL unavailable, no randomnes=
s supplied
2019-08-18 19:28:51: EFI stub: Generating empty DTB
2019-08-18 19:28:51: EFI stub: Exiting boot services and installing virtu=
al address map...
2019-08-18 19:28:51: [    0.000000] Booting Linux on physical CPU 0x00000=
00000 [0x431f0a11]
2019-08-18 19:28:51: [    0.000000] Linux version 4.18.0-80.el8.aarch64 (=
mockbuild@arm64-026.build.eng.bos.redhat.com) (gcc version 8.2.1 20180905=
 (Red Hat 8.2.1-3) (GCC)) #1 SMP Wed Mar 13 12:16:17 UTC 2019
2019-08-18 19:28:51: [    0.000000] debug: ignoring loglevel setting.
2019-08-18 19:28:51: [    0.000000] efi: Getting EFI parameters from FDT:=

2019-08-18 19:28:51: [    0.000000] efi: EFI v2.70 by EDK II
2019-08-18 19:28:51: [    0.000000] efi:  SMBIOS 3.0=3D0x13f670000  MEMAT=
TR=3D0x13e4c9018  ACPI 2.0=3D0x13c030000  MEMRESERVE=3D0x13c2e3018
2019-08-18 19:28:51: [    0.000000] ACPI: Early table checksum verificati=
on disabled
2019-08-18 19:28:51: [    0.000000] ACPI: RSDP 0x000000013C030000 000024 =
(v02 BOCHS )
2019-08-18 19:28:51: [    0.000000] ACPI: XSDT 0x000000013C020000 00005C =
(v01 BOCHS  BXPCFACP 00000001      01000013)
2019-08-18 19:28:51: [    0.000000] ACPI: FACP 0x000000013BDE0000 00010C =
(v05 BOCHS  BXPCFACP 00000001 BXPC 00000001)
2019-08-18 19:28:51: [    0.000000] ACPI: DSDT 0x000000013BDF0000 004848 =
(v02 BOCHS  BXPCDSDT 00000001 BXPC 00000001)
2019-08-18 19:28:51: [    0.000000] ACPI: APIC 0x000000013BDD0000 000100 =
(v03 BOCHS  BXPCAPIC 00000001 BXPC 00000001)
2019-08-18 19:28:51: [    0.000000] ACPI: GTDT 0x000000013BDC0000 000060 =
(v02 BOCHS  BXPCGTDT 00000001 BXPC 00000001)
2019-08-18 19:28:51: [    0.000000] ACPI: MCFG 0x000000013BDB0000 00003C =
(v01 BOCHS  BXPCMCFG 00000001 BXPC 00000001)
2019-08-18 19:28:51: [    0.000000] ACPI: SPCR 0x000000013BDA0000 000050 =
(v02 BOCHS  BXPCSPCR 00000001 BXPC 00000001)
2019-08-18 19:28:51: [    0.000000] ACPI: IORT 0x000000013BD90000 00007C =
(v00 BOCHS  BXPCIORT 00000001 BXPC 00000001)
2019-08-18 19:28:51: [    0.000000] ACPI: BGRT 0x000000013BE10000 000038 =
(v01 INTEL  EDK2     00000002      01000013)
2019-08-18 19:28:51: [    0.000000] ACPI: SPCR: console: pl011,mmio,0x900=
0000,9600
2019-08-18 19:28:51: [    0.000000] ACPI: NUMA: Failed to initialise from=
 firmware
2019-08-18 19:28:51: [    0.000000] NUMA: Faking a node at [mem 0x0000000=
000000000-0x000000013fffffff]
2019-08-18 19:28:51: [    0.000000] NUMA: NODE_DATA [mem 0x13ff4e600-0x13=
ff4ffff]
2019-08-18 19:28:51: [    0.000000] Zone ranges:
2019-08-18 19:28:51: [    0.000000]   DMA32    [mem 0x0000000040000000-0x=
00000000ffffffff]
2019-08-18 19:28:51: [    0.000000]   Normal   [mem 0x0000000100000000-0x=
000000013fffffff]
2019-08-18 19:28:51: [    0.000000] Movable zone start for each node
2019-08-18 19:28:52: [    0.000000] Early memory node ranges
2019-08-18 19:28:52: [    0.000000]   node   0: [mem 0x0000000040000000-0=
x000000013be1ffff]
2019-08-18 19:28:52: [    0.000000]   node   0: [mem 0x000000013be20000-0=
x000000013bffffff]
2019-08-18 19:28:52: [    0.000000]   node   0: [mem 0x000000013c000000-0=
x000000013c03ffff]
2019-08-18 19:28:52: [    0.000000]   node   0: [mem 0x000000013c040000-0=
x000000013c2dffff]
2019-08-18 19:28:52: [    0.000000]   node   0: [mem 0x000000013c2e0000-0=
x000000013f5bffff]
2019-08-18 19:28:52: [    0.000000]   node   0: [mem 0x000000013f5c0000-0=
x000000013f64ffff]
2019-08-18 19:28:52: [    0.000000]   node   0: [mem 0x000000013f650000-0=
x000000013f65ffff]
2019-08-18 19:28:52: [    0.000000]   node   0: [mem 0x000000013f660000-0=
x000000013f77ffff]
2019-08-18 19:28:52: [    0.000000]   node   0: [mem 0x000000013f780000-0=
x000000013fffffff]
2019-08-18 19:28:52: [    0.000000] Zeroed struct page in unavailable ran=
ges: 99 pages
2019-08-18 19:28:52: [    0.000000] Initmem setup node 0 [mem 0x000000004=
0000000-0x000000013fffffff]
2019-08-18 19:28:52: [    0.000000] On node 0 totalpages: 65536
2019-08-18 19:28:52: [    0.000000]   DMA32 zone: 48 pages used for memma=
p
2019-08-18 19:28:52: [    0.000000]   DMA32 zone: 0 pages reserved
2019-08-18 19:28:52: [    0.000000]   DMA32 zone: 49152 pages, LIFO batch=
:1
2019-08-18 19:28:52: [    0.000000]   Normal zone: 16 pages used for memm=
ap
2019-08-18 19:28:52: [    0.000000]   Normal zone: 16384 pages, LIFO batc=
h:1
2019-08-18 19:28:52: [    0.000000] psci: probing for conduit method from=
 ACPI.
2019-08-18 19:28:52: [    0.000000] psci: PSCIv1.0 detected in firmware.
2019-08-18 19:28:52: [    0.000000] psci: Using standard PSCI v0.2 functi=
on IDs
2019-08-18 19:28:52: [    0.000000] psci: Trusted OS migration not requir=
ed
2019-08-18 19:28:52: [    0.000000] psci: SMC Calling Convention v1.1
2019-08-18 19:28:52: [    0.000000] random: get_random_bytes called from =
start_kernel+0x9c/0x4d8 with crng_init=3D0
2019-08-18 19:28:52: [    0.000000] percpu: Embedded 3 pages/cpu @(____pt=
rval____) s127448 r8192 d60968 u196608
2019-08-18 19:28:52: [    0.000000] pcpu-alloc: s127448 r8192 d60968 u196=
608 alloc=3D3*65536
2019-08-18 19:28:52: [    0.000000] pcpu-alloc: [0] 0 [0] 1
2019-08-18 19:28:52: [    0.000000] Detected VIPT I-cache on CPU0
2019-08-18 19:28:52: [    0.000000] CPU features: enabling workaround for=
 Cavium erratum 27456
2019-08-18 19:28:52: [    0.000000] CPU features: enabling workaround for=
 Cavium erratum 30115
2019-08-18 19:28:52: [    0.000000] CPU features: detected: Software pref=
etching using PRFM
2019-08-18 19:28:52: [    0.000000] CPU features: kernel page table isola=
tion forced OFF by ARM64_WORKAROUND_CAVIUM_27456
2019-08-18 19:28:52: [    0.000000] Built 1 zonelists, mobility grouping =
on.  Total pages: 65472
2019-08-18 19:28:52: [    0.000000] Policy zone: Normal
2019-08-18 19:28:52: [    0.000000] Kernel command line: ks=3Dcdrom inst.=
sshd nicdelay=3D60  earlyprintk=3Dpl011,0x9000000 console=3DttyAMA0 debug=
 ignore_loglevel rootwait initrd=3Dinitrd
2019-08-18 19:28:52: [    0.000000] Specific versions of hardware are cer=
tified with Red Hat Enterprise Linux 8. Please see the list of hardware c=
ertified with Red Hat Enterprise Linux 8 at https://access.redhat.com/eco=
system.
2019-08-18 19:28:52: [    0.000000] software IO TLB: mapped [mem 0xfbff00=
00-0xffff0000] (64MB)
2019-08-18 19:28:52: [    0.000000] Memory: 4029824K/4194304K available (=
8956K kernel code, 1902K rwdata, 5760K rodata, 4288K init, 9197K bss, 164=
480K reserved, 0K cma-reserved)
2019-08-18 19:28:52: [    0.000000] SLUB: HWalign=3D128, Order=3D0-3, Min=
Objects=3D0, CPUs=3D2, Nodes=3D1
2019-08-18 19:28:52: [    0.000000] ftrace: allocating 32209 entries in 8=
 pages
2019-08-18 19:28:52: [    0.000000] rcu: Hierarchical RCU implementation.=

2019-08-18 19:28:52: [    0.000000] rcu: 	RCU restricting CPUs from NR_CP=
US=3D4096 to nr_cpu_ids=3D2.
2019-08-18 19:28:52: [    0.000000] rcu: RCU calculated value of schedule=
r-enlistment delay is 10 jiffies.
2019-08-18 19:28:52: [    0.000000] rcu: Adjusting geometry for rcu_fanou=
t_leaf=3D16, nr_cpu_ids=3D2
2019-08-18 19:28:52: [    0.000000] NR_IRQS: 64, nr_irqs: 64, preallocate=
d irqs: 0
2019-08-18 19:28:52: [    0.000000] GICv3: Distributor has no Range Selec=
tor support
2019-08-18 19:28:52: [    0.000000] GICv3: no VLPI support, no direct LPI=
 support
2019-08-18 19:28:52: [    0.000000] GICv3: CPU0: found redistributor 0 re=
gion 0:0x00000000080a0000
2019-08-18 19:28:52: [    0.000000] ACPI: SRAT not present
2019-08-18 19:28:52: [    0.000000] ITS [mem 0x08080000-0x0809ffff]
2019-08-18 19:28:52: [    0.000000] ITS@0x0000000008080000: allocated 819=
2 Devices @100260000 (indirect, esz 8, psz 64K, shr 1)
2019-08-18 19:28:52: [    0.000000] ITS@0x0000000008080000: allocated 819=
2 Interrupt Collections @100270000 (flat, esz 8, psz 64K, shr 1)
2019-08-18 19:28:52: [    0.000000] GICv3: using LPI property table @0x00=
00000100280000
2019-08-18 19:28:52: [    0.000000] GICv3: CPU0: using allocated LPI pend=
ing table @0x00000001002a0000
2019-08-18 19:28:52: [    0.000000] rcu: 	Offload RCU callbacks from CPUs=
: (none).
2019-08-18 19:28:52: [    0.000000] arch_timer: cp15 timer(s) running at =
100.00MHz (virt).
2019-08-18 19:28:52: [    0.000000] clocksource: arch_sys_counter: mask: =
0xffffffffffffff max_cycles: 0x171024e7e0, max_idle_ns: 440795205315 ns
2019-08-18 19:28:52: [    0.000002] sched_clock: 56 bits at 100MHz, resol=
ution 10ns, wraps every 4398046511100ns
2019-08-18 19:28:52: [    0.000155] Console: colour dummy device 80x25
2019-08-18 19:28:52: [    0.000441] ACPI: Core revision 20180531
2019-08-18 19:28:52: [    0.000846] Calibrating delay loop (skipped), val=
ue calculated using timer frequency.. 200.00 BogoMIPS (lpj=3D1000000)
2019-08-18 19:28:52: [    0.000856] pid_max: default: 32768 minimum: 301
2019-08-18 19:28:52: [    0.001069] Security Framework initialized
2019-08-18 19:28:52: [    0.001076] Yama: becoming mindful.
2019-08-18 19:28:52: [    0.001106] SELinux:  Initializing.
2019-08-18 19:28:52: [    0.001446] SELinux:  Starting in permissive mode=

2019-08-18 19:28:52: [    0.002743] Dentry cache hash table entries: 5242=
88 (order: 6, 4194304 bytes)
2019-08-18 19:28:52: [    0.003368] Inode-cache hash table entries: 26214=
4 (order: 5, 2097152 bytes)
2019-08-18 19:28:52: [    0.003421] Mount-cache hash table entries: 8192 =
(order: 0, 65536 bytes)
2019-08-18 19:28:52: [    0.003453] Mountpoint-cache hash table entries: =
8192 (order: 0, 65536 bytes)
2019-08-18 19:28:52: [    0.004998] ACPI PPTT: No PPTT table found, cpu t=
opology may be inaccurate
2019-08-18 19:28:52: [    0.005508] ASID allocator initialised with 32768=
 entries
2019-08-18 19:28:52: [    0.005605] rcu: Hierarchical SRCU implementation=
=2E
2019-08-18 19:28:52: [    0.006407] Platform MSI: ITS@0x8080000 domain cr=
eated
2019-08-18 19:28:52: [    0.006445] PCI/MSI: ITS@0x8080000 domain created=

2019-08-18 19:28:52: [    0.006514] Remapping and enabling EFI services.
2019-08-18 19:28:52: [    0.006945] smp: Bringing up secondary CPUs ...
2019-08-18 19:28:52: [    0.015250] Detected VIPT I-cache on CPU1
2019-08-18 19:28:52: [    0.015317] GICv3: CPU1: found redistributor 1 re=
gion 0:0x00000000080c0000
2019-08-18 19:28:52: [    0.015619] GICv3: CPU1: using allocated LPI pend=
ing table @0x00000001002b0000
2019-08-18 19:28:52: [    0.015770] CPU1: Booted secondary processor 0x00=
00000001 [0x431f0a11]
2019-08-18 19:28:52: [    0.015956] smp: Brought up 1 node, 2 CPUs
2019-08-18 19:28:52: [    0.015968] SMP: Total of 2 processors activated.=

2019-08-18 19:28:52: [    0.015984] CPU features: detected: GIC system re=
gister CPU interface
2019-08-18 19:28:52: [    0.022155] CPU: All CPU(s) started at EL1
2019-08-18 19:28:52: [    0.022204] alternatives: patching kernel code
2019-08-18 19:28:52: [    0.023771] devtmpfs: initialized
2019-08-18 19:28:52: [    0.024597] clocksource: jiffies: mask: 0xfffffff=
f max_cycles: 0xffffffff, max_idle_ns: 19112604462750000 ns
2019-08-18 19:28:52: [    0.024611] futex hash table entries: 512 (order:=
 -1, 32768 bytes)
2019-08-18 19:28:52: [    0.024804] pinctrl core: initialized pinctrl sub=
system
2019-08-18 19:28:52: [    0.025062] SMBIOS 3.0.0 present.
2019-08-18 19:28:52: [    0.025074] DMI: QEMU KVM Virtual Machine, BIOS 0=
=2E0.0 02/06/2015
2019-08-18 19:28:52: [    0.025597] NET: Registered protocol family 16
2019-08-18 19:28:52: [    0.025919] audit: initializing netlink subsys (d=
isabled)
2019-08-18 19:28:52: [    0.026360] audit: type=3D2000 audit(0.020:1): st=
ate=3Dinitialized audit_enabled=3D0 res=3D1
2019-08-18 19:28:52: [    0.026939] cpuidle: using governor menu
2019-08-18 19:28:52: [    0.027058] vdso: 2 pages (1 code @ (____ptrval__=
__), 1 data @ (____ptrval____))
2019-08-18 19:28:52: [    0.027064] hw-breakpoint: found 6 breakpoint and=
 4 watchpoint registers.
2019-08-18 19:28:52: [    0.027286] DMA: preallocated 256 KiB pool for at=
omic allocations
2019-08-18 19:28:52: [    0.027317] ACPI: bus type PCI registered
2019-08-18 19:28:52: [    0.027341] acpiphp: ACPI Hot Plug PCI Controller=
 Driver version: 0.5
2019-08-18 19:28:52: [    0.027510] Serial: AMBA PL011 UART driver
2019-08-18 19:28:52: [    0.032824] HugeTLB registered 2.00 MiB page size=
, pre-allocated 0 pages
2019-08-18 19:28:52: [    0.032830] HugeTLB registered 512 MiB page size,=
 pre-allocated 0 pages
2019-08-18 19:28:52: [    0.033701] cryptd: max_cpu_qlen set to 1000
2019-08-18 19:28:52: [    0.034452] ACPI: Added _OSI(Module Device)
2019-08-18 19:28:52: [    0.034458] ACPI: Added _OSI(Processor Device)
2019-08-18 19:28:52: [    0.034462] ACPI: Added _OSI(3.0 _SCP Extensions)=

2019-08-18 19:28:52: [    0.034467] ACPI: Added _OSI(Processor Aggregator=
 Device)
2019-08-18 19:28:52: [    0.034472] ACPI: Added _OSI(Linux-Dell-Video)
2019-08-18 19:28:52: [    0.062983] ACPI: 1 ACPI AML tables successfully =
acquired and loaded
2019-08-18 19:28:52: [    0.065824] ACPI: Interpreter enabled
2019-08-18 19:28:52: [    0.065829] ACPI: Using GIC for interrupt routing=

2019-08-18 19:28:52: [    0.065857] ACPI: MCFG table detected, 1 entries
2019-08-18 19:28:52: [    0.072260] ARMH0011:00: ttyAMA0 at MMIO 0x900000=
0 (irq =3D 4, base_baud =3D 0) is a SBSA
2019-08-18 19:28:52: [    0.733946] console [ttyAMA0] enabled
2019-08-18 19:28:52: [    0.740432] ACPI: PCI Root Bridge [PCI0] (domain =
0000 [bus 00-ff])
2019-08-18 19:28:52: [    0.745235] acpi PNP0A08:00: _OSC: OS supports [E=
xtendedConfig ASPM ClockPM Segments MSI]
2019-08-18 19:28:52: [    0.751705] acpi PNP0A08:00: _OSC: platform does =
not support [LTR]
2019-08-18 19:28:52: [    0.756697] acpi PNP0A08:00: _OSC: OS now control=
s [PCIeHotplug PME AER PCIeCapability]
2019-08-18 19:28:52: [    0.763363] acpi PNP0A08:00: ECAM area [mem 0x401=
0000000-0x401fffffff] reserved by PNP0C02:00
2019-08-18 19:28:52: [    0.770202] acpi PNP0A08:00: ECAM at [mem 0x40100=
00000-0x401fffffff] for [bus 00-ff]
2019-08-18 19:28:52: [    0.776111] Remapped I/O 0x000000003eff0000 to [i=
o  0x0000-0xffff window]
2019-08-18 19:28:52: [    0.781596] PCI host bridge to bus 0000:00
2019-08-18 19:28:52: [    0.784707] pci_bus 0000:00: root bus resource [m=
em 0x10000000-0x3efeffff window]
2019-08-18 19:28:52: [    0.790391] pci_bus 0000:00: root bus resource [i=
o  0x0000-0xffff window]
2019-08-18 19:28:52: [    0.795769] pci_bus 0000:00: root bus resource [m=
em 0x8000000000-0xffffffffff window]
2019-08-18 19:28:52: [    0.801707] pci_bus 0000:00: root bus resource [b=
us 00-ff]
2019-08-18 19:28:52: [    0.806000] pci 0000:00:00.0: [1b36:0008] type 00=
 class 0x060000
2019-08-18 19:28:52: [    0.812142] pci 0000:00:01.0: [1af4:1050] type 00=
 class 0x038000
2019-08-18 19:28:52: [    0.820978] pci 0000:00:01.0: reg 0x14: [mem 0x10=
305000-0x10305fff]
2019-08-18 19:28:52: [    0.831432] pci 0000:00:01.0: reg 0x20: [mem 0x80=
00200000-0x8000203fff 64bit pref]
2019-08-18 19:28:52: [    0.842795] pci 0000:00:02.0: [1b36:000c] type 01=
 class 0x060400
2019-08-18 19:28:52: [    0.850995] pci 0000:00:02.0: reg 0x10: [mem 0x10=
304000-0x10304fff]
2019-08-18 19:28:52: [    0.863450] pci 0000:00:03.0: [1b36:000c] type 01=
 class 0x060400
2019-08-18 19:28:52: [    0.871652] pci 0000:00:03.0: reg 0x10: [mem 0x10=
303000-0x10303fff]
2019-08-18 19:28:52: [    0.884049] pci 0000:00:04.0: [1b36:000c] type 01=
 class 0x060400
2019-08-18 19:28:52: [    0.892258] pci 0000:00:04.0: reg 0x10: [mem 0x10=
302000-0x10302fff]
2019-08-18 19:28:52: [    0.903365] pci 0000:00:05.0: [1b36:000c] type 01=
 class 0x060400
2019-08-18 19:28:52: [    0.911519] pci 0000:00:05.0: reg 0x10: [mem 0x10=
301000-0x10301fff]
2019-08-18 19:28:52: [    0.924359] pci 0000:00:06.0: [1b36:000c] type 01=
 class 0x060400
2019-08-18 19:28:52: [    0.932500] pci 0000:00:06.0: reg 0x10: [mem 0x10=
300000-0x10300fff]
2019-08-18 19:28:52: [    0.947422] pci 0000:01:00.0: [1b36:000d] type 00=
 class 0x0c0330
2019-08-18 19:28:52: [    0.952559] pci 0000:01:00.0: reg 0x10: [mem 0x10=
200000-0x10203fff 64bit]
2019-08-18 19:28:52: [    0.959890] pci 0000:01:00.0: 2.000 Gb/s availabl=
e PCIe bandwidth, limited by 2.5 GT/s x1 link at 0000:00:02.0 (capable of=
 7.876 Gb/s with 8 GT/s x1 link)
2019-08-18 19:28:52: [    0.973946] pci 0000:02:00.0: [1af4:1048] type 00=
 class 0x010000
2019-08-18 19:28:52: [    0.979061] pci 0000:02:00.0: reg 0x14: [mem 0x10=
100000-0x10100fff]
2019-08-18 19:28:52: [    0.984520] pci 0000:02:00.0: reg 0x20: [mem 0x80=
00000000-0x8000003fff 64bit pref]
2019-08-18 19:28:52: [    0.992768] pci 0000:02:00.0: 2.000 Gb/s availabl=
e PCIe bandwidth, limited by 2.5 GT/s x1 link at 0000:00:03.0 (capable of=
 7.876 Gb/s with 8 GT/s x1 link)
2019-08-18 19:28:52: [    1.007037] pci 0000:03:00.0: [1af4:1041] type 00=
 class 0x020000
2019-08-18 19:28:52: [    1.012168] pci 0000:03:00.0: reg 0x14: [mem 0x10=
000000-0x10000fff]
2019-08-18 19:28:52: [    1.017619] pci 0000:03:00.0: reg 0x20: [mem 0x80=
00100000-0x8000103fff 64bit pref]
2019-08-18 19:28:52: [    1.026216] pci 0000:03:00.0: 2.000 Gb/s availabl=
e PCIe bandwidth, limited by 2.5 GT/s x1 link at 0000:00:04.0 (capable of=
 7.876 Gb/s with 8 GT/s x1 link)
2019-08-18 19:28:52: [    1.055949] pci 0000:00:02.0: BAR 14: assigned [m=
em 0x10000000-0x101fffff]
2019-08-18 19:28:52: [    1.063565] pci 0000:00:02.0: BAR 15: assigned [m=
em 0x8000000000-0x80001fffff 64bit pref]
2019-08-18 19:28:52: [    1.069750] pci 0000:00:03.0: BAR 14: assigned [m=
em 0x10200000-0x103fffff]
2019-08-18 19:28:52: [    1.075169] pci 0000:00:03.0: BAR 15: assigned [m=
em 0x8000200000-0x80003fffff 64bit pref]
2019-08-18 19:28:52: [    1.081364] pci 0000:00:04.0: BAR 14: assigned [m=
em 0x10400000-0x105fffff]
2019-08-18 19:28:52: [    1.086654] pci 0000:00:04.0: BAR 15: assigned [m=
em 0x8000400000-0x80005fffff 64bit pref]
2019-08-18 19:28:52: [    1.092846] pci 0000:00:05.0: BAR 14: assigned [m=
em 0x10600000-0x107fffff]
2019-08-18 19:28:52: [    1.098128] pci 0000:00:05.0: BAR 15: assigned [m=
em 0x8000600000-0x80007fffff 64bit pref]
2019-08-18 19:28:52: [    1.104318] pci 0000:00:06.0: BAR 14: assigned [m=
em 0x10800000-0x109fffff]
2019-08-18 19:28:52: [    1.109619] pci 0000:00:06.0: BAR 15: assigned [m=
em 0x8000800000-0x80009fffff 64bit pref]
2019-08-18 19:28:52: [    1.115787] pci 0000:00:01.0: BAR 4: assigned [me=
m 0x8000a00000-0x8000a03fff 64bit pref]
2019-08-18 19:28:52: [    1.123929] pci 0000:00:01.0: BAR 1: assigned [me=
m 0x10a00000-0x10a00fff]
2019-08-18 19:28:52: [    1.129997] pci 0000:00:02.0: BAR 0: assigned [me=
m 0x10a01000-0x10a01fff]
2019-08-18 19:28:52: [    1.136240] pci 0000:00:02.0: BAR 13: assigned [i=
o  0x1000-0x1fff]
2019-08-18 19:28:52: [    1.140946] pci 0000:00:03.0: BAR 0: assigned [me=
m 0x10a02000-0x10a02fff]
2019-08-18 19:28:52: [    1.147073] pci 0000:00:03.0: BAR 13: assigned [i=
o  0x2000-0x2fff]
2019-08-18 19:28:52: [    1.151786] pci 0000:00:04.0: BAR 0: assigned [me=
m 0x10a03000-0x10a03fff]
2019-08-18 19:28:52: [    1.157902] pci 0000:00:04.0: BAR 13: assigned [i=
o  0x3000-0x3fff]
2019-08-18 19:28:52: [    1.162597] pci 0000:00:05.0: BAR 0: assigned [me=
m 0x10a04000-0x10a04fff]
2019-08-18 19:28:52: [    1.168688] pci 0000:00:05.0: BAR 13: assigned [i=
o  0x4000-0x4fff]
2019-08-18 19:28:52: [    1.174590] pci 0000:00:06.0: BAR 0: assigned [me=
m 0x10a05000-0x10a05fff]
2019-08-18 19:28:52: [    1.180795] pci 0000:00:06.0: BAR 13: assigned [i=
o  0x5000-0x5fff]
2019-08-18 19:28:52: [    1.185496] pci 0000:01:00.0: BAR 0: assigned [me=
m 0x10000000-0x10003fff 64bit]
2019-08-18 19:28:52: [    1.191327] pci 0000:00:02.0: PCI bridge to [bus =
01]
2019-08-18 19:28:52: [    1.195127] pci 0000:00:02.0:   bridge window [io=
  0x1000-0x1fff]
2019-08-18 19:28:52: [    1.201586] pci 0000:00:02.0:   bridge window [me=
m 0x10000000-0x101fffff]
2019-08-18 19:28:53: [    1.207912] pci 0000:00:02.0:   bridge window [me=
m 0x8000000000-0x80001fffff 64bit pref]
2019-08-18 19:28:53: [    1.216574] pci 0000:02:00.0: BAR 4: assigned [me=
m 0x8000200000-0x8000203fff 64bit pref]
2019-08-18 19:28:53: [    1.222917] pci 0000:02:00.0: BAR 1: assigned [me=
m 0x10200000-0x10200fff]
2019-08-18 19:28:53: [    1.228341] pci 0000:00:03.0: PCI bridge to [bus =
02]
2019-08-18 19:28:53: [    1.232156] pci 0000:00:03.0:   bridge window [io=
  0x2000-0x2fff]
2019-08-18 19:28:53: [    1.239626] pci 0000:00:03.0:   bridge window [me=
m 0x10200000-0x103fffff]
2019-08-18 19:28:53: [    1.245956] pci 0000:00:03.0:   bridge window [me=
m 0x8000200000-0x80003fffff 64bit pref]
2019-08-18 19:28:53: [    1.254701] pci 0000:03:00.0: BAR 4: assigned [me=
m 0x8000400000-0x8000403fff 64bit pref]
2019-08-18 19:28:53: [    1.261035] pci 0000:03:00.0: BAR 1: assigned [me=
m 0x10400000-0x10400fff]
2019-08-18 19:28:53: [    1.266462] pci 0000:00:04.0: PCI bridge to [bus =
03]
2019-08-18 19:28:53: [    1.270284] pci 0000:00:04.0:   bridge window [io=
  0x3000-0x3fff]
2019-08-18 19:28:53: [    1.276700] pci 0000:00:04.0:   bridge window [me=
m 0x10400000-0x105fffff]
2019-08-18 19:28:53: [    1.283067] pci 0000:00:04.0:   bridge window [me=
m 0x8000400000-0x80005fffff 64bit pref]
2019-08-18 19:28:53: [    1.291801] pci 0000:00:05.0: PCI bridge to [bus =
04]
2019-08-18 19:28:53: [    1.297868] pci 0000:00:05.0:   bridge window [io=
  0x4000-0x4fff]
2019-08-18 19:28:53: [    1.304522] pci 0000:00:05.0:   bridge window [me=
m 0x10600000-0x107fffff]
2019-08-18 19:28:53: [    1.310881] pci 0000:00:05.0:   bridge window [me=
m 0x8000600000-0x80007fffff 64bit pref]
2019-08-18 19:28:53: [    1.319670] pci 0000:00:06.0: PCI bridge to [bus =
05]
2019-08-18 19:28:53: [    1.323467] pci 0000:00:06.0:   bridge window [io=
  0x5000-0x5fff]
2019-08-18 19:28:53: [    1.329958] pci 0000:00:06.0:   bridge window [me=
m 0x10800000-0x109fffff]
2019-08-18 19:28:53: [    1.336282] pci 0000:00:06.0:   bridge window [me=
m 0x8000800000-0x80009fffff 64bit pref]
2019-08-18 19:28:53: [    1.345172] ACPI: PCI Interrupt Link [GSI0] (IRQs=
 *35)
2019-08-18 19:28:53: [    1.350698] ACPI: PCI Interrupt Link [GSI1] (IRQs=
 *36)
2019-08-18 19:28:53: [    1.354736] ACPI: PCI Interrupt Link [GSI2] (IRQs=
 *37)
2019-08-18 19:28:53: [    1.358655] ACPI: PCI Interrupt Link [GSI3] (IRQs=
 *38)
2019-08-18 19:28:53: [    1.363454] vgaarb: loaded
2019-08-18 19:28:53: [    1.365922] SCSI subsystem initialized
2019-08-18 19:28:53: [    1.369053] libata version 3.00 loaded.
2019-08-18 19:28:53: [    1.372094] ACPI: bus type USB registered
2019-08-18 19:28:53: [    1.375214] usbcore: registered new interface dri=
ver usbfs
2019-08-18 19:28:53: [    1.379646] usbcore: registered new interface dri=
ver hub
2019-08-18 19:28:53: [    1.383738] usbcore: registered new device driver=
 usb
2019-08-18 19:28:53: [    1.387613] pps_core: LinuxPPS API ver. 1 registe=
red
2019-08-18 19:28:53: [    1.391507] pps_core: Software ver. 5.3.6 - Copyr=
ight 2005-2007 Rodolfo Giometti <giometti@linux.it>
2019-08-18 19:28:53: [    1.398467] PTP clock support registered
2019-08-18 19:28:53: [    1.401815] EDAC MC: Ver: 3.0.0
2019-08-18 19:28:53: [    1.405243] Registered efivars operations
2019-08-18 19:28:53: [    1.410496] NetLabel: Initializing
2019-08-18 19:28:53: [    1.413178] NetLabel:  domain hash size =3D 128
2019-08-18 19:28:53: [    1.416476] NetLabel:  protocols =3D UNLABELED CI=
PSOv4 CALIPSO
2019-08-18 19:28:53: [    1.420831] NetLabel:  unlabeled traffic allowed =
by default
2019-08-18 19:28:53: [    1.425529] clocksource: Switched to clocksource =
arch_sys_counter
2019-08-18 19:28:53: [    1.475987] VFS: Disk quotas dquot_6.6.0
2019-08-18 19:28:53: [    1.479046] VFS: Dquot-cache hash table entries: =
8192 (order 0, 65536 bytes)
2019-08-18 19:28:53: [    1.484668] pnp: PnP ACPI init
2019-08-18 19:28:53: [    1.487442] system 00:00: [mem 0x4010000000-0x401=
fffffff window] could not be reserved
2019-08-18 19:28:53: [    1.493432] system 00:00: Plug and Play ACPI devi=
ce, IDs PNP0c02 (active)
2019-08-18 19:28:53: [    1.498747] pnp: PnP ACPI: found 1 devices
2019-08-18 19:28:53: [    1.511481] NET: Registered protocol family 2
2019-08-18 19:28:53: [    1.515382] tcp_listen_portaddr_hash hash table e=
ntries: 4096 (order: 0, 65536 bytes)
2019-08-18 19:28:53: [    1.521710] TCP established hash table entries: 3=
2768 (order: 2, 262144 bytes)
2019-08-18 19:28:53: [    1.527428] TCP bind hash table entries: 32768 (o=
rder: 3, 524288 bytes)
2019-08-18 19:28:53: [    1.532728] TCP: Hash tables configured (establis=
hed 32768 bind 32768)
2019-08-18 19:28:53: [    1.537870] UDP hash table entries: 2048 (order: =
0, 65536 bytes)
2019-08-18 19:28:53: [    1.542465] UDP-Lite hash table entries: 2048 (or=
der: 0, 65536 bytes)
2019-08-18 19:28:53: [    1.547592] NET: Registered protocol family 1
2019-08-18 19:28:53: [    1.550922] NET: Registered protocol family 44
2019-08-18 19:28:53: [    1.555866] pci 0000:01:00.0: enabling device (00=
00 -> 0002)
2019-08-18 19:28:53: [    1.561193] PCI: CLS 0 bytes, default 64
2019-08-18 19:28:53: [    1.564325] Unpacking initramfs...
2019-08-18 19:29:02: [   11.160126] Freeing initrd memory: 53376K
2019-08-18 19:29:02: [   11.164132] hw perfevents: enabled with armv8_pmu=
v3_0 PMU driver, 7 counters available
2019-08-18 19:29:02: [   11.170423] kvm [1]: HYP mode not available
2019-08-18 19:29:03: [   11.236063] Initialise system trusted keyrings
2019-08-18 19:29:03: [   11.239724] workingset: timestamp_bits=3D43 max_o=
rder=3D16 bucket_order=3D0
2019-08-18 19:29:03: [   11.248651] zbud: loaded
2019-08-18 19:29:03: [   11.251053] pstore: using deflate compression
2019-08-18 19:29:03: [   11.254506] SELinux:  Registering netfilter hooks=

2019-08-18 19:29:03: [   11.361618] NET: Registered protocol family 38
2019-08-18 19:29:03: [   11.364989] Key type asymmetric registered
2019-08-18 19:29:03: [   11.368247] Asymmetric key parser 'x509' register=
ed
2019-08-18 19:29:03: [   11.371975] Block layer SCSI generic (bsg) driver=
 version 0.4 loaded (major 247)
2019-08-18 19:29:03: [   11.377849] io scheduler mq-deadline registered
2019-08-18 19:29:03: [   11.381294] io scheduler kyber registered
2019-08-18 19:29:03: [   11.384426] io scheduler bfq registered
2019-08-18 19:29:03: [   11.387695] atomic64_test: passed
2019-08-18 19:29:03: [   11.391610] pl061_gpio ARMH0061:00: PL061 GPIO ch=
ip @0x0000000009030000 registered
2019-08-18 19:29:03: [   11.402679] PCI Interrupt Link [GSI2] enabled at =
IRQ 37
2019-08-18 19:29:03: [   11.414086] PCI Interrupt Link [GSI3] enabled at =
IRQ 38
2019-08-18 19:29:03: [   11.426922] PCI Interrupt Link [GSI0] enabled at =
IRQ 35
2019-08-18 19:29:03: [   11.439580] PCI Interrupt Link [GSI1] enabled at =
IRQ 36
2019-08-18 19:29:03: [   11.456781] pcieport 0000:00:02.0: AER enabled wi=
th IRQ 44
2019-08-18 19:29:03: [   11.462901] pcieport 0000:00:03.0: AER enabled wi=
th IRQ 45
2019-08-18 19:29:03: [   11.467656] pcieport 0000:00:04.0: AER enabled wi=
th IRQ 46
2019-08-18 19:29:03: [   11.472449] pcieport 0000:00:05.0: AER enabled wi=
th IRQ 47
2019-08-18 19:29:03: [   11.477176] pcieport 0000:00:06.0: AER enabled wi=
th IRQ 48
2019-08-18 19:29:03: [   11.481478] pcieport 0000:00:02.0: Signaling PME =
with IRQ 44
2019-08-18 19:29:03: [   11.486778] pcieport 0000:00:03.0: Signaling PME =
with IRQ 45
2019-08-18 19:29:03: [   11.491289] pcieport 0000:00:04.0: Signaling PME =
with IRQ 46
2019-08-18 19:29:03: [   11.495811] pcieport 0000:00:05.0: Signaling PME =
with IRQ 47
2019-08-18 19:29:03: [   11.500308] pcieport 0000:00:06.0: Signaling PME =
with IRQ 48
2019-08-18 19:29:03: [   11.504787] pciehp 0000:00:02.0:pcie004: Slot #2 =
AttnBtn+ PwrCtrl+ MRL- AttnInd+ PwrInd+ HotPlug+ Surprise+ Interlock+ NoC=
ompl- LLActRep+
2019-08-18 19:29:03: [   11.515087] pciehp 0000:00:03.0:pcie004: Slot #3 =
AttnBtn+ PwrCtrl+ MRL- AttnInd+ PwrInd+ HotPlug+ Surprise+ Interlock+ NoC=
ompl- LLActRep+
2019-08-18 19:29:03: [   11.525396] pciehp 0000:00:04.0:pcie004: Slot #4 =
AttnBtn+ PwrCtrl+ MRL- AttnInd+ PwrInd+ HotPlug+ Surprise+ Interlock+ NoC=
ompl- LLActRep+
2019-08-18 19:29:03: [   11.535729] pciehp 0000:00:05.0:pcie004: Slot #5 =
AttnBtn+ PwrCtrl+ MRL- AttnInd+ PwrInd+ HotPlug+ Surprise+ Interlock+ NoC=
ompl- LLActRep+
2019-08-18 19:29:03: [   11.545590] pciehp 0000:00:05.0:pcie004: Slot(5):=
 Link Up
2019-08-18 19:29:03: [   11.545631] pciehp 0000:00:06.0:pcie004: Slot #6 =
AttnBtn+ PwrCtrl+ MRL- AttnInd+ PwrInd+ HotPlug+ Surprise+ Interlock+ NoC=
ompl- LLActRep+
2019-08-18 19:29:03: [   11.559755] pciehp 0000:00:06.0:pcie004: Slot(6):=
 Link Up
2019-08-18 19:29:03: [   11.560158] input: Power Button as /devices/LNXSY=
STM:00/LNXSYBUS:00/PNP0C0C:00/input/input0
2019-08-18 19:29:03: [   11.570476] ACPI: Power Button [PWRB]
2019-08-18 19:29:03: [   11.586728] virtio-pci 0000:02:00.0: enabling dev=
ice (0000 -> 0002)
2019-08-18 19:29:03: [   11.601615] virtio-pci 0000:03:00.0: enabling dev=
ice (0000 -> 0002)
2019-08-18 19:29:03: [   11.612170] Serial: 8250/16550 driver, 4 ports, I=
RQ sharing enabled
2019-08-18 19:29:03: [   11.618595] ACPI PPTT: No PPTT table found, cache=
 topology may be inaccurate
2019-08-18 19:29:03: [   11.623944] ACPI PPTT: No PPTT table found, cache=
 topology may be inaccurate
2019-08-18 19:29:03: [   11.629534] cacheinfo: Unable to detect cache hie=
rarchy for CPU 0
2019-08-18 19:29:03: [   11.634193] rdac: device handler registered
2019-08-18 19:29:03: [   11.637682] hp_sw: device handler registered
2019-08-18 19:29:03: [   11.640935] emc: device handler registered
2019-08-18 19:29:03: [   11.644939] alua: device handler registered
2019-08-18 19:29:03: [   11.648654] libphy: Fixed MDIO Bus: probed
2019-08-18 19:29:03: [   11.651996] ehci_hcd: USB 2.0 'Enhanced' Host Con=
troller (EHCI) Driver
2019-08-18 19:29:03: [   11.657159] ehci-pci: EHCI PCI platform driver
2019-08-18 19:29:03: [   11.660590] ohci_hcd: USB 1.1 'Open' Host Control=
ler (OHCI) Driver
2019-08-18 19:29:03: [   11.665268] ohci-pci: OHCI PCI platform driver
2019-08-18 19:29:03: [   11.668859] uhci_hcd: USB Universal Host Controll=
er Interface driver
2019-08-18 19:29:03: [   11.679318] xhci_hcd 0000:01:00.0: xHCI Host Cont=
roller
2019-08-18 19:29:03: [   11.683480] xhci_hcd 0000:01:00.0: new USB bus re=
gistered, assigned bus number 1
2019-08-18 19:29:03: [   11.690611] xhci_hcd 0000:01:00.0: hcc params 0x0=
0087001 hci version 0x100 quirks 0x0000000000000010
2019-08-18 19:29:03: [   11.699963] usb usb1: New USB device found, idVen=
dor=3D1d6b, idProduct=3D0002, bcdDevice=3D 4.18
2019-08-18 19:29:03: [   11.706275] usb usb1: New USB device strings: Mfr=
=3D3, Product=3D2, SerialNumber=3D1
2019-08-18 19:29:03: [   11.711756] usb usb1: Product: xHCI Host Controll=
er
2019-08-18 19:29:03: [   11.715449] usb usb1: Manufacturer: Linux 4.18.0-=
80.el8.aarch64 xhci-hcd
2019-08-18 19:29:03: [   11.720855] usb usb1: SerialNumber: 0000:01:00.0
2019-08-18 19:29:03: [   11.724816] hub 1-0:1.0: USB hub found
2019-08-18 19:29:03: [   11.727916] hub 1-0:1.0: 4 ports detected
2019-08-18 19:29:03: [   11.732089] xhci_hcd 0000:01:00.0: xHCI Host Cont=
roller
2019-08-18 19:29:03: [   11.736293] xhci_hcd 0000:01:00.0: new USB bus re=
gistered, assigned bus number 2
2019-08-18 19:29:03: [   11.742016] xhci_hcd 0000:01:00.0: Host supports =
USB 3.0  SuperSpeed
2019-08-18 19:29:03: [   11.747070] usb usb2: We don't know the algorithm=
s for LPM for this host, disabling LPM.
2019-08-18 19:29:03: [   11.753264] usb usb2: New USB device found, idVen=
dor=3D1d6b, idProduct=3D0003, bcdDevice=3D 4.18
2019-08-18 19:29:03: [   11.759794] usb usb2: New USB device strings: Mfr=
=3D3, Product=3D2, SerialNumber=3D1
2019-08-18 19:29:03: [   11.765257] usb usb2: Product: xHCI Host Controll=
er
2019-08-18 19:29:03: [   11.769181] usb usb2: Manufacturer: Linux 4.18.0-=
80.el8.aarch64 xhci-hcd
2019-08-18 19:29:03: [   11.774262] usb usb2: SerialNumber: 0000:01:00.0
2019-08-18 19:29:03: [   11.778324] hub 2-0:1.0: USB hub found
2019-08-18 19:29:03: [   11.781304] hub 2-0:1.0: 4 ports detected
2019-08-18 19:29:03: [   11.785316] usbcore: registered new interface dri=
ver usbserial_generic
2019-08-18 19:29:03: [   11.790588] usbserial: USB Serial support registe=
red for generic
2019-08-18 19:29:03: [   11.795371] mousedev: PS/2 mouse device common fo=
r all mice
2019-08-18 19:29:03: [   11.800548] rtc-efi rtc-efi: rtc core: registered=
 rtc-efi as rtc0
2019-08-18 19:29:03: [   11.819707] EFI Variables Facility v0.08 2004-May=
-17
2019-08-18 19:29:03: [   11.825612] hidraw: raw HID events driver (C) Jir=
i Kosina
2019-08-18 19:29:03: [   11.829849] usbcore: registered new interface dri=
ver usbhid
2019-08-18 19:29:03: [   11.834065] usbhid: USB HID core driver
2019-08-18 19:29:03: [   11.838088] drop_monitor: Initializing network dr=
op monitor service
2019-08-18 19:29:03: [   11.842951] Initializing XFRM netlink socket
2019-08-18 19:29:03: [   11.846696] NET: Registered protocol family 10
2019-08-18 19:29:03: [   11.850803] Segment Routing with IPv6
2019-08-18 19:29:03: [   11.853621] NET: Registered protocol family 17
2019-08-18 19:29:03: [   11.857205] mpls_gso: MPLS GSO support
2019-08-18 19:29:03: [   11.860818] registered taskstats version 1
2019-08-18 19:29:03: [   11.863961] Loading compiled-in X.509 certificate=
s
2019-08-18 19:29:03: [   11.962190] Loaded X.509 cert 'Red Hat Enterprise=
 Linux kernel signing key: 589b49f029d7d20b4cf56b9b87be5e07e2cc521e'
2019-08-18 19:29:03: [   11.971620] Loaded X.509 cert 'Red Hat Enterprise=
 Linux Driver Update Program (key 3): bf57f3e87362bc7229d9f465321773dfd1f=
77a80'
2019-08-18 19:29:03: [   11.981685] Loaded X.509 cert 'Red Hat Enterprise=
 Linux kpatch signing key: 4d38fd864ebe18c5f0b72e3852e2014c3a676fc8'
2019-08-18 19:29:03: [   11.989984] zswap: loaded using pool lzo/zbud
2019-08-18 19:29:03: [   12.001271] Key type big_key registered
2019-08-18 19:29:03: [   12.004538] rtc-efi rtc-efi: setting system clock=
 to 2019-08-18 23:29:03 UTC (1566170943)
2019-08-18 19:29:03: [   12.018882] Freeing unused kernel memory: 4288K
2019-08-18 19:29:03: [   12.095661] usb 1-1: new high-speed USB device nu=
mber 2 using xhci_hcd
2019-08-18 19:29:03: [   12.117161] systemd[1]: systemd 239 running in sy=
stem mode. (+PAM +AUDIT +SELINUX +IMA -APPARMOR +SMACK +SYSVINIT +UTMP +L=
IBCRYPTSETUP +GCRYPT +GNUTLS +ACL +XZ +LZ4 +SECCOMP +BLKID +ELFUTILS +KMO=
D +IDN2 -IDN +PCRE2 default-hierarchy=3Dlegacy)
2019-08-18 19:29:03: [   12.133848] systemd[1]: Virtualization KVM Virtua=
l Machine found in DMI (/sys/class/dmi/id/product_name)
2019-08-18 19:29:03: [   12.141473] systemd[1]: No virtualization found i=
n CPUID
2019-08-18 19:29:03: [   12.145506] systemd[1]: Found VM virtualization k=
vm
2019-08-18 19:29:03: [   12.149442] systemd[1]: Detected virtualization k=
vm.
2019-08-18 19:29:03: [   12.153215] systemd[1]: Detected architecture arm=
64.
2019-08-18 19:29:03: [   12.157104] systemd[1]: Running in initial RAM di=
sk.
2019-08-18 19:29:03: [   12.161088] systemd[1]: Mounting cgroup to /sys/f=
s/cgroup/cpu,cpuacct of type cgroup with options cpu,cpuacct.
2019-08-18 19:29:03: [   12.170526] systemd[1]: Mounting cgroup to /sys/f=
s/cgroup/freezer of type cgroup with options freezer.
2019-08-18 19:29:03: [   12.179435] systemd[1]: Mounting cgroup to /sys/f=
s/cgroup/cpuset of type cgroup with options cpuset.
2019-08-18 19:29:03:=20
2019-08-18 19:29:04: Welcome to =1B[0;34mRed Hat Enterprise Linux 8.0 (Oo=
tpa) dracut-049-10.git20190115.el8 (Initramfs)=1B[0m!
2019-08-18 19:29:04:=20
2019-08-18 19:29:04: [   12.211108] random: systemd: uninitialized urando=
m read (16 bytes read)
2019-08-18 19:29:04: [   12.262778] systemd-gpt-auto-generator[172]: EFI =
loader partition unknown, exiting.
2019-08-18 19:29:04: [   12.272827] systemd-fstab-generator[169]: Could n=
ot find a root=3D entry on the kernel command line.
2019-08-18 19:29:04: [   12.278197] random: ln: uninitialized urandom rea=
d (6 bytes read)
2019-08-18 19:29:04: [   12.282132] usb 1-1: New USB device found, idVend=
or=3D0627, idProduct=3D0001, bcdDevice=3D 0.00
2019-08-18 19:29:04: [   12.286177] random: ln: uninitialized urandom rea=
d (6 bytes read)
2019-08-18 19:29:04: [   12.291497] usb 1-1: New USB device strings: Mfr=3D=
1, Product=3D3, SerialNumber=3D10
2019-08-18 19:29:04: [   12.301572] usb 1-1: Product: QEMU USB Tablet
2019-08-18 19:29:04: [   12.304886] usb 1-1: Manufacturer: QEMU
2019-08-18 19:29:04: [   12.307946] usb 1-1: SerialNumber: 28754-0000:00:=
02.0:00.0-1
